Archive member included because of file (symbol)

./../Platform/Sensors/debug/libSensors_efm32_debug.a(Environmental.o)
                              /Users/naohiroiida/XDK-Workspace/appTest/debug/objects/appTest.o (Environmental_init)
./../Platform/Sensors/debug/libSensors_efm32_debug.a(EnvironmentalUtils.o)
                              ./../Platform/Sensors/debug/libSensors_efm32_debug.a(Environmental.o) (SetAmbientTemperatureOffset)
./../Platform/Sensors/debug/libSensors_efm32_debug.a(LightSensor.o)
                              /Users/naohiroiida/XDK-Workspace/appTest/debug/objects/appTest.o (LightSensor_init)
./../Platform/Sensors/debug/libSensors_efm32_debug.a(Magnetometer.o)
                              /Users/naohiroiida/XDK-Workspace/appTest/debug/objects/appTest.o (Magnetometer_init)
./../Platform/BSP/debug/libBSP_efm32_debug.a(BSP_Board.o)
                              /Users/naohiroiida/XDK-Workspace/appTest/debug/objects/source/SystemStartup.o (BSP_Board_OSTickInitialize)
./../Platform/BSP/debug/libBSP_efm32_debug.a(BSP_DMA.o)
                              ./../Platform/BSP/debug/libBSP_efm32_debug.a(BSP_Board.o) (BSP_DMA_Initialize)
./../Platform/BSP/debug/libBSP_efm32_debug.a(BSP_IrqHandler.o)
                              ./../Platform/BSP/debug/libBSP_efm32_debug.a(BSP_Board.o) (IrqHandler_SysTickDummyHandler)
./../Platform/BSP/debug/libBSP_efm32_debug.a(BSP_LED.o)
                              /Users/naohiroiida/XDK-Workspace/appTest/debug/objects/source/SystemStartup.o (BSP_LED_Connect)
./../Platform/BSP/debug/libBSP_efm32_debug.a(BSP_SDCard.o)
                              ./../Platform/BSP/debug/libBSP_efm32_debug.a(BSP_IrqHandler.o) (SDCard_SPIRxISR)
./../Platform/BSP/debug/libBSP_efm32_debug.a(BSP_SensorNode.o)
                              ./../Platform/BSP/debug/libBSP_efm32_debug.a(BSP_IrqHandler.o) (SensorNode_I2CISR)
./../Platform/BSP/debug/libBSP_efm32_debug.a(BSP_USB.o)
                              ./../Platform/BSP/debug/libBSP_efm32_debug.a(BSP_Board.o) (USB_init)
./../Platform/BSP/debug/libBSP_efm32_debug.a(BSP_WiFi_cc3100mod.o)
                              ./../Platform/BSP/debug/libBSP_efm32_debug.a(BSP_IrqHandler.o) (WiFi_CC3100MOD_SPIRxISR)
./../Platform/BSP/debug/libBSP_efm32_debug.a(BSP_BT_EM9301.o)
                              ./../Platform/BSP/debug/libBSP_efm32_debug.a(BSP_IrqHandler.o) (BT_EM9301_UART_TxISR)
./../Platform/BSP/debug/libBSP_efm32_debug.a(BSP_ExtensionPort.o)
                              ./../Platform/BSP/debug/libBSP_efm32_debug.a(BSP_IrqHandler.o) (BSP_ExtensionPort_I2cIsr)
./../Libraries/FreeRTOS/debug/libFreeRTOS_efm32_debug.a(tasks.o)
                              /Users/naohiroiida/XDK-Workspace/appTest/debug/objects/Main.o (vTaskStartScheduler)
./../Libraries/FreeRTOS/debug/libFreeRTOS_efm32_debug.a(timers.o)
                              ./../Libraries/FreeRTOS/debug/libFreeRTOS_efm32_debug.a(tasks.o) (xTimerCreateTimerTask)
./../Libraries/FreeRTOS/debug/libFreeRTOS_efm32_debug.a(heap_4.o)
                              ./../Libraries/FreeRTOS/debug/libFreeRTOS_efm32_debug.a(tasks.o) (pvPortMalloc)
./../Libraries/FreeRTOS/debug/libFreeRTOS_efm32_debug.a(port.o)
                              ./../Libraries/FreeRTOS/debug/libFreeRTOS_efm32_debug.a(tasks.o) (pxPortInitialiseStack)
./../Libraries/FreeRTOS/debug/libFreeRTOS_efm32_debug.a(list.o)
                              ./../Libraries/FreeRTOS/debug/libFreeRTOS_efm32_debug.a(tasks.o) (vListInitialise)
./../Libraries/FreeRTOS/debug/libFreeRTOS_efm32_debug.a(queue.o)
                              ./../Libraries/FreeRTOS/debug/libFreeRTOS_efm32_debug.a(timers.o) (xQueueGenericCreate)
./../Libraries/EMlib/debug/libEMLib_efm32_debug.a(em_adc.o)
                              ./../Platform/BSP/debug/libBSP_efm32_debug.a(BSP_Board.o) (ADC_Init)
./../Libraries/EMlib/debug/libEMLib_efm32_debug.a(em_cmu.o)
                              ./../Platform/BSP/debug/libBSP_efm32_debug.a(BSP_Board.o) (CMU_ClockDivSet)
./../Libraries/EMlib/debug/libEMLib_efm32_debug.a(em_msc.o)
                              ./../Platform/BSP/debug/libBSP_efm32_debug.a(BSP_Board.o) (MSC_Init)
./../Libraries/EMlib/debug/libEMLib_efm32_debug.a(em_dma.o)
                              ./../Platform/BSP/debug/libBSP_efm32_debug.a(BSP_DMA.o) (DMA_Reset)
./../Libraries/EMlib/debug/libEMLib_efm32_debug.a(em_emu.o)
                              ./../Libraries/EMlib/debug/libEMLib_efm32_debug.a(em_cmu.o) (EMU_UpdateOscConfig)
./../Libraries/EMlib/debug/libEMLib_efm32_debug.a(em_gpio.o)
                              ./../Platform/BSP/debug/libBSP_efm32_debug.a(BSP_Board.o) (GPIO_DriveModeSet)
./../Libraries/EMlib/debug/libEMLib_efm32_debug.a(em_int.o)
                              /Users/naohiroiida/XDK-Workspace/appTest/debug/objects/./../Libraries/EMlib/3rd-party/EMLib/usb/src/em_usbdint.o (INT_LockCnt)
./../Libraries/EMlib/debug/libEMLib_efm32_debug.a(em_i2c.o)
[...]
Memory Configuration

Name             Origin             Length             Attributes
FLASH            0x0000000000010000 0x00000000000f0000 xr
RAM              0x0000000020000000 0x0000000000020000 xrw
*default*        0x0000000000000000 0xffffffffffffffff

Linker script and memory map

LOAD /Applications/XDK.app/Contents/Eclipse/armGCC/bin/../lib/gcc/arm-none-eabi/4.7.4/armv7-m/crti.o
LOAD /Applications/XDK.app/Contents/Eclipse/armGCC/bin/../lib/gcc/arm-none-eabi/4.7.4/armv7-m/crtbegin.o
LOAD /Applications/XDK.app/Contents/Eclipse/armGCC/bin/../lib/gcc/arm-none-eabi/4.7.4/../../../../arm-none-eabi/lib/armv7-m/crt0.o
LOAD /Users/naohiroiida/XDK-Workspace/appTest/debug/objects/source/Assert.o
LOAD /Users/naohiroiida/XDK-Workspace/appTest/debug/objects/source/BleDeviceInfoService.o
LOAD /Users/naohiroiida/XDK-Workspace/appTest/debug/objects/source/RetargetStdio.o
LOAD /Users/naohiroiida/XDK-Workspace/appTest/debug/objects/source/SensorHandle.o
LOAD /Users/naohiroiida/XDK-Workspace/appTest/debug/objects/source/SystemStartup.o
LOAD /Users/naohiroiida/XDK-Workspace/appTest/debug/objects/source/UsbResetUtility.o
LOAD /Users/naohiroiida/XDK-Workspace/appTest/debug/objects/source/XdkVersion.o
LOAD /Users/naohiroiida/XDK-Workspace/appTest/debug/objects/source/cJSON.o
LOAD /Users/naohiroiida/XDK-Workspace/appTest/debug/objects/legacy/source/ServalPAL_WiFi.o
LOAD /Users/naohiroiida/XDK-Workspace/appTest/debug/objects/./../Libraries/EMlib/3rd-party/EMLib/usb/src/em_usbdint.o
LOAD /Users/naohiroiida/XDK-Workspace/appTest/debug/objects/Main.o
LOAD /Users/naohiroiida/XDK-Workspace/appTest/debug/objects/appTest.o
LOAD /Users/naohiroiida/XDK-Workspace/appTest/debug/objects/startup_efm32gg.o
START GROUP
LOAD ./../Platform/SensorUtils/debug/libSensorUtils_efm32_debug.a
LOAD ./../Platform/Sensors/debug/libSensors_efm32_debug.a
LOAD ./../Platform/BSP/debug/libBSP_efm32_debug.a
LOAD ./../Libraries/FreeRTOS/debug/libFreeRTOS_efm32_debug.a
LOAD ./../Libraries/EMlib/debug/libEMLib_efm32_debug.a
LOAD ./../Libraries/BSTLib/debug/libBSTLib_efm32_debug.a
LOAD ./../Libraries/WiFi/debug/libWiFi_efm32_debug.a
LOAD ./../Libraries/FATfs/debug/libFATfs_efm32_debug.a
LOAD ./../Platform/Essentials/release/libEssentials_efm32.a
LOAD ./../Platform/Utils/release/libUtils_efm32.a
LOAD ./../Platform/Drivers/release/libDrivers_efm32.a
LOAD ./../Platform/FOTA/release/libFOTA_efm32.a
LOAD ./../Platform/Wlan/release/libWlan_efm32.a
LOAD ./../Platform/BLE/release/libBLE_efm32.a
LOAD ./../Platform/SensorToolbox/release/libSensorToolbox_efm32.a
LOAD ./../Libraries/BLEStack/3rd-party/Alpwise/ALPW-BLESDKCM3/BLESW_ALPWDataExchange/Libraries/BLESW_ALPWDEP_Client_CM3.a
LOAD ./../Libraries/BLEStack/3rd-party/Alpwise/ALPW-BLESDKCM3/BLESW_ALPWDataExchange/Libraries/BLESW_ALPWDEP_Server_CM3.a
LOAD ./../Libraries/BLEStack/3rd-party/Alpwise/ALPW-BLESDKCM3/BLESW_AlertNotification/Libraries/BLESW_ANP_Client_CM3.a
LOAD ./../Libraries/BLEStack/3rd-party/Alpwise/ALPW-BLESDKCM3/BLESW_AlertNotification/Libraries/BLESW_ANP_Server_CM3.a
LOAD ./../Libraries/BLEStack/3rd-party/Alpwise/ALPW-BLESDKCM3/BLESW_AppleNotificationCenter/Libraries/BLESW_ANCP_Consumer_CM3.a
LOAD ./../Libraries/BLEStack/3rd-party/Alpwise/ALPW-BLESDKCM3/BLESW_BloodPressure/Libraries/BLESW_BLP_Collector_CM3.a
LOAD ./../Libraries/BLEStack/3rd-party/Alpwise/ALPW-BLESDKCM3/BLESW_BloodPressure/Libraries/BLESW_BLP_Sensor_CM3.a
LOAD ./../Libraries/BLEStack/3rd-party/Alpwise/ALPW-BLESDKCM3/BLESW_CoreStack/Libraries/BLESW_ALPWDES_CM3.a
LOAD ./../Libraries/BLEStack/3rd-party/Alpwise/ALPW-BLESDKCM3/BLESW_CoreStack/Libraries/BLESW_ANS_CM3.a
LOAD ./../Libraries/BLEStack/3rd-party/Alpwise/ALPW-BLESDKCM3/BLESW_CoreStack/Libraries/BLESW_BAS_CM3.a
LOAD ./../Libraries/BLEStack/3rd-party/Alpwise/ALPW-BLESDKCM3/BLESW_CoreStack/Libraries/BLESW_BCS_CM3.a
LOAD ./../Libraries/BLEStack/3rd-party/Alpwise/ALPW-BLESDKCM3/BLESW_CoreStack/Libraries/BLESW_BLS_CM3.a
LOAD ./../Libraries/BLEStack/3rd-party/Alpwise/ALPW-BLESDKCM3/BLESW_CoreStack/Libraries/BLESW_CPS_CM3.a
LOAD ./../Libraries/BLEStack/3rd-party/Alpwise/ALPW-BLESDKCM3/BLESW_CoreStack/Libraries/BLESW_CSCS_CM3.a
LOAD ./../Libraries/BLEStack/3rd-party/Alpwise/ALPW-BLESDKCM3/BLESW_CoreStack/Libraries/BLESW_CTS_CM3.a
LOAD ./../Libraries/BLEStack/3rd-party/Alpwise/ALPW-BLESDKCM3/BLESW_CoreStack/Libraries/BLESW_CoreStack_CM3.a
LOAD ./../Libraries/BLEStack/3rd-party/Alpwise/ALPW-BLESDKCM3/BLESW_CoreStack/Libraries/BLESW_CoreStack_Monitor_CM3.a
LOAD ./../Libraries/BLEStack/3rd-party/Alpwise/ALPW-BLESDKCM3/BLESW_CoreStack/Libraries/BLESW_DIS_CM3.a
LOAD ./../Libraries/BLEStack/3rd-party/Alpwise/ALPW-BLESDKCM3/BLESW_CoreStack/Libraries/BLESW_GLS_CM3.a
LOAD ./../Libraries/BLEStack/3rd-party/Alpwise/ALPW-BLESDKCM3/BLESW_CoreStack/Libraries/BLESW_HIDS_CM3.a
LOAD ./../Libraries/BLEStack/3rd-party/Alpwise/ALPW-BLESDKCM3/BLESW_CoreStack/Libraries/BLESW_HRS_CM3.a
LOAD ./../Libraries/BLEStack/3rd-party/Alpwise/ALPW-BLESDKCM3/BLESW_CoreStack/Libraries/BLESW_HTS_CM3.a
LOAD ./../Libraries/BLEStack/3rd-party/Alpwise/ALPW-BLESDKCM3/BLESW_CoreStack/Libraries/BLESW_IAS_CM3.a
LOAD ./../Libraries/BLEStack/3rd-party/Alpwise/ALPW-BLESDKCM3/BLESW_CoreStack/Libraries/BLESW_LLS_CM3.a
LOAD ./../Libraries/BLEStack/3rd-party/Alpwise/ALPW-BLESDKCM3/BLESW_CoreStack/Libraries/BLESW_LNS_CM3.a
LOAD ./../Libraries/BLEStack/3rd-party/Alpwise/ALPW-BLESDKCM3/BLESW_CoreStack/Libraries/BLESW_NDCS_CM3.a
LOAD ./../Libraries/BLEStack/3rd-party/Alpwise/ALPW-BLESDKCM3/BLESW_CoreStack/Libraries/BLESW_NWAS_CM3.a
LOAD ./../Libraries/BLEStack/3rd-party/Alpwise/ALPW-BLESDKCM3/BLESW_CoreStack/Libraries/BLESW_PASS_CM3.a
LOAD ./../Libraries/BLEStack/3rd-party/Alpwise/ALPW-BLESDKCM3/BLESW_CoreStack/Libraries/BLESW_RSCS_CM3.a
LOAD ./../Libraries/BLEStack/3rd-party/Alpwise/ALPW-BLESDKCM3/BLESW_CoreStack/Libraries/BLESW_RTUS_CM3.a
LOAD ./../Libraries/BLEStack/3rd-party/Alpwise/ALPW-BLESDKCM3/BLESW_CoreStack/Libraries/BLESW_TPS_CM3.a
LOAD ./../Libraries/BLEStack/3rd-party/Alpwise/ALPW-BLESDKCM3/BLESW_CoreStack/Libraries/BLESW_UDS_CM3.a
LOAD ./../Libraries/BLEStack/3rd-party/Alpwise/ALPW-BLESDKCM3/BLESW_CoreStack/Libraries/BLESW_WSS_CM3.a
LOAD ./../Libraries/BLEStack/3rd-party/Alpwise/ALPW-BLESDKCM3/BLESW_CyclingPower/Libraries/BLESW_CPP_Collector_CM3.a
LOAD ./../Libraries/BLEStack/3rd-party/Alpwise/ALPW-BLESDKCM3/BLESW_CyclingPower/Libraries/BLESW_CPP_Sensor_CM3.a
LOAD ./../Libraries/BLEStack/3rd-party/Alpwise/ALPW-BLESDKCM3/BLESW_CyclingSpeedAndCadence/Libraries/BLESW_CSCP_Collector_CM3.a
LOAD ./../Libraries/BLEStack/3rd-party/Alpwise/ALPW-BLESDKCM3/BLESW_CyclingSpeedAndCadence/Libraries/BLESW_CSCP_Sensor_CM3.a
LOAD ./../Libraries/BLEStack/3rd-party/Alpwise/ALPW-BLESDKCM3/BLESW_FindMe/Libraries/BLESW_FMP_Locator_CM3.a
LOAD ./../Libraries/BLEStack/3rd-party/Alpwise/ALPW-BLESDKCM3/BLESW_FindMe/Libraries/BLESW_FMP_Target_CM3.a
LOAD ./../Libraries/BLEStack/3rd-party/Alpwise/ALPW-BLESDKCM3/BLESW_Glucose/Libraries/BLESW_GLP_Collector_CM3.a
LOAD ./../Libraries/BLEStack/3rd-party/Alpwise/ALPW-BLESDKCM3/BLESW_Glucose/Libraries/BLESW_GLP_Sensor_CM3.a
LOAD ./../Libraries/BLEStack/3rd-party/Alpwise/ALPW-BLESDKCM3/BLESW_HealthThermometer/Libraries/BLESW_HTP_Collector_CM3.a
LOAD ./../Libraries/BLEStack/3rd-party/Alpwise/ALPW-BLESDKCM3/BLESW_HealthThermometer/Libraries/BLESW_HTP_Thermometer_CM3.a
LOAD ./../Libraries/BLEStack/3rd-party/Alpwise/ALPW-BLESDKCM3/BLESW_HeartRate/Libraries/BLESW_HRP_Collector_CM3.a
LOAD ./../Libraries/BLEStack/3rd-party/Alpwise/ALPW-BLESDKCM3/BLESW_HeartRate/Libraries/BLESW_HRP_Sensor_CM3.a
LOAD ./../Libraries/BLEStack/3rd-party/Alpwise/ALPW-BLESDKCM3/BLESW_HumanInterfaceDevice/Libraries/BLESW_HID_Device_CM3.a
LOAD ./../Libraries/BLEStack/3rd-party/Alpwise/ALPW-BLESDKCM3/BLESW_HumanInterfaceDevice/Libraries/BLESW_HID_Host_CM3.a
LOAD ./../Libraries/BLEStack/3rd-party/Alpwise/ALPW-BLESDKCM3/BLESW_LocationAndNavigation/Libraries/BLESW_LNP_Collector_CM3.a
LOAD ./../Libraries/BLEStack/3rd-party/Alpwise/ALPW-BLESDKCM3/BLESW_LocationAndNavigation/Libraries/BLESW_LNP_Sensor_CM3.a
LOAD ./../Libraries/BLEStack/3rd-party/Alpwise/ALPW-BLESDKCM3/BLESW_NetworkAvailability/Libraries/BLESW_NWAP_Monitor_CM3.a
LOAD ./../Libraries/BLEStack/3rd-party/Alpwise/ALPW-BLESDKCM3/BLESW_NetworkAvailability/Libraries/BLESW_NWAP_Reporter_CM3.a
LOAD ./../Libraries/BLEStack/3rd-party/Alpwise/ALPW-BLESDKCM3/BLESW_PhoneAlertStatus/Libraries/BLESW_PASP_Client_CM3.a
LOAD ./../Libraries/BLEStack/3rd-party/Alpwise/ALPW-BLESDKCM3/BLESW_PhoneAlertStatus/Libraries/BLESW_PASP_Server_CM3.a
LOAD ./../Libraries/BLEStack/3rd-party/Alpwise/ALPW-BLESDKCM3/BLESW_Proximity/Libraries/BLESW_PXP_Monitor_CM3.a
LOAD ./../Libraries/BLEStack/3rd-party/Alpwise/ALPW-BLESDKCM3/BLESW_Proximity/Libraries/BLESW_PXP_Reporter_CM3.a
LOAD ./../Libraries/BLEStack/3rd-party/Alpwise/ALPW-BLESDKCM3/BLESW_RunningSpeedAndCadence/Libraries/BLESW_RSCP_Collector_CM3.a
LOAD ./../Libraries/BLEStack/3rd-party/Alpwise/ALPW-BLESDKCM3/BLESW_RunningSpeedAndCadence/Libraries/BLESW_RSCP_Sensor_CM3.a
LOAD ./../Libraries/BLEStack/3rd-party/Alpwise/ALPW-BLESDKCM3/BLESW_Time/Libraries/BLESW_TIP_Client_CM3.a
LOAD ./../Libraries/BLEStack/3rd-party/Alpwise/ALPW-BLESDKCM3/BLESW_Time/Libraries/BLESW_TIP_Server_CM3.a
LOAD ./../Libraries/BLEStack/3rd-party/Alpwise/ALPW-BLESDKCM3/BLESW_iBeacon/Libraries/BLESW_IBN_Reporter_CM3.a
LOAD ./../Libraries/EMlib/3rd-party/EMLib/CMSIS/Lib/GCC/libarm_cortexM3l_math.a
LOAD ./../Libraries/BSX/BSX4/Source/algo/algo_bsx/Lib/libalgobsxm3/libalgobsx.a
LOAD ./../Platform/LoRaDrivers/release/libLoRaDrivers_efm32.a
LOAD ./../Platform/ServalPAL/release/libServalPal_efm32.a
LOAD ./../Libraries/Escrypt_CycurTLS/release/libEscrypt_CycurTLS_efm32.a
END GROUP
START GROUP
LOAD /Applications/XDK.app/Contents/Eclipse/armGCC/bin/../lib/gcc/arm-none-eabi/4.7.4/armv7-m/libgcc.a
LOAD /Applications/XDK.app/Contents/Eclipse/armGCC/bin/../lib/gcc/arm-none-eabi/4.7.4/../../../../arm-none-eabi/lib/armv7-m/libc.a
LOAD /Applications/XDK.app/Contents/Eclipse/armGCC/bin/../lib/gcc/arm-none-eabi/4.7.4/../../../../arm-none-eabi/lib/armv7-m/libm.a
END GROUP
START GROUP
LOAD /Applications/XDK.app/Contents/Eclipse/armGCC/bin/../lib/gcc/arm-none-eabi/4.7.4/armv7-m/libgcc.a
LOAD /Applications/XDK.app/Contents/Eclipse/armGCC/bin/../lib/gcc/arm-none-eabi/4.7.4/../../../../arm-none-eabi/lib/armv7-m/libc.a
END GROUP
LOAD /Applications/XDK.app/Contents/Eclipse/armGCC/bin/../lib/gcc/arm-none-eabi/4.7.4/armv7-m/crtend.o
LOAD /Applications/XDK.app/Contents/Eclipse/armGCC/bin/../lib/gcc/arm-none-eabi/4.7.4/armv7-m/crtn.o

.text           0x0000000000010000    0x1beac
 *(.isr_vector)
 .isr_vector    0x0000000000010000      0x100 /Users/naohiroiida/XDK-Workspace/appTest/debug/objects/startup_efm32gg.o
                0x0000000000010000                __isr_vector
 *(.text*)
 .text          0x0000000000010100       0x54 /Applications/XDK.app/Contents/Eclipse/armGCC/bin/../lib/gcc/arm-none-eabi/4.7.4/armv7-m/crtbegin.o
 .text          0x0000000000010154       0x70 /Applications/XDK.app/Contents/Eclipse/armGCC/bin/../lib/gcc/arm-none-eabi/4.7.4/../../../../arm-none-eabi/lib/armv7-m/crt0.o
                0x0000000000010154                _mainCRTStartup
                0x0000000000010154                _start
                0x0000000000010154                start
 .text.Assert_Initialize
                0x00000000000101c4       0x40 /Users/naohiroiida/XDK-Workspace/appTest/debug/objects/source/Assert.o
                0x00000000000101c4                Assert_Initialize
 .text.Assert_Dynamic
                0x0000000000010204       0x2c /Users/naohiroiida/XDK-Workspace/appTest/debug/objects/source/Assert.o
                0x0000000000010204                Assert_Dynamic
 .text._close   0x0000000000010230       0x18 /Users/naohiroiida/XDK-Workspace/appTest/debug/objects/source/RetargetStdio.o
                0x0000000000010230                _close
 .text._exit    0x0000000000010248        0xc /Users/naohiroiida/XDK-Workspace/appTest/debug/objects/source/RetargetStdio.o
                0x0000000000010248                _exit
 .text._fstat   0x0000000000010254       0x24 /Users/naohiroiida/XDK-Workspace/appTest/debug/objects/source/RetargetStdio.o
                0x0000000000010254                _fstat
 .text._isatty  0x0000000000010278       0x18 /Users/naohiroiida/XDK-Workspace/appTest/debug/objects/source/RetargetStdio.o
                0x0000000000010278                _isatty
 .text._lseek   0x0000000000010290       0x1c /Users/naohiroiida/XDK-Workspace/appTest/debug/objects/source/RetargetStdio.o
                0x0000000000010290                _lseek
 .text._read    0x00000000000102ac       0x70 /Users/naohiroiida/XDK-Workspace/appTest/debug/objects/source/RetargetStdio.o
                0x00000000000102ac                _read
 .text._sbrk    0x000000000001031c       0xa0 /Users/naohiroiida/XDK-Workspace/appTest/debug/objects/source/RetargetStdio.o
                0x000000000001031c                _sbrk
 .text._write   0x00000000000103bc       0x20 /Users/naohiroiida/XDK-Workspace/appTest/debug/objects/source/RetargetStdio.o
                0x00000000000103bc                _write
 .text.Retcode_GetPackage
                0x00000000000103dc       0x1c /Users/naohiroiida/XDK-Workspace/appTest/debug/objects/source/SystemStartup.o
 .text.Retcode_GetModuleId
                0x00000000000103f8       0x1c /Users/naohiroiida/XDK-Workspace/appTest/debug/objects/source/SystemStartup.o
 .text.Retcode_GetSeverity
                0x0000000000010414       0x24 /Users/naohiroiida/XDK-Workspace/appTest/debug/objects/source/SystemStartup.o
 .text.Retcode_GetCode
                0x0000000000010438       0x20 /Users/naohiroiida/XDK-Workspace/appTest/debug/objects/source/SystemStartup.o
 .text.bleGetMacAddress
                0x0000000000010458       0xec /Users/naohiroiida/XDK-Workspace/appTest/debug/objects/source/SystemStartup.o
 .text.SysTickPreCallback
                0x0000000000010544       0x14 /Users/naohiroiida/XDK-Workspace/appTest/debug/objects/source/SystemStartup.o
 .text.DefaultErrorHandlingFunc
                0x0000000000010558       0xf4 /Users/naohiroiida/XDK-Workspace/appTest/debug/objects/source/SystemStartup.o
                0x0000000000010558                DefaultErrorHandlingFunc
 .text.assertIndicationMapping
                0x000000000001064c       0x44 /Users/naohiroiida/XDK-Workspace/appTest/debug/objects/source/SystemStartup.o
                0x000000000001064c                assertIndicationMapping
 .text.systemStartup
                0x0000000000010690      0x154 /Users/naohiroiida/XDK-Workspace/appTest/debug/objects/source/SystemStartup.o
                0x0000000000010690                systemStartup
 .text.vApplicationStackOverflowHook
                0x00000000000107e4       0x5c /Users/naohiroiida/XDK-Workspace/appTest/debug/objects/source/SystemStartup.o
                0x00000000000107e4                vApplicationStackOverflowHook
 .text.vApplicationMallocFailedHook
                0x0000000000010840       0x14 /Users/naohiroiida/XDK-Workspace/appTest/debug/objects/source/SystemStartup.o
                0x0000000000010840                vApplicationMallocFailedHook
 .text.NVIC_SystemReset
                0x0000000000010854       0x30 /Users/naohiroiida/XDK-Workspace/appTest/debug/objects/source/UsbResetUtility.o
 .text.UsbResetUtility_SystemReset
                0x0000000000010884       0x10 /Users/naohiroiida/XDK-Workspace/appTest/debug/objects/source/UsbResetUtility.o
 .text.UsbResetUtility_InteruptHandling
                0x0000000000010894       0x54 /Users/naohiroiida/XDK-Workspace/appTest/debug/objects/source/UsbResetUtility.o
 .text.UsbResetUtility_Init
                0x00000000000108e8       0x40 /Users/naohiroiida/XDK-Workspace/appTest/debug/objects/source/UsbResetUtility.o
                0x00000000000108e8                UsbResetUtility_Init
 .text.UsbResetUtility_UsbISRCallback
                0x0000000000010928      0x138 /Users/naohiroiida/XDK-Workspace/appTest/debug/objects/source/UsbResetUtility.o
                0x0000000000010928                UsbResetUtility_UsbISRCallback
 .text.INT_Disable
                0x0000000000010a60       0x40 /Users/naohiroiida/XDK-Workspace/appTest/debug/objects/./../Libraries/EMlib/3rd-party/EMLib/usb/src/em_usbdint.o
 .text.INT_Enable
                0x0000000000010aa0       0x54 /Users/naohiroiida/XDK-Workspace/appTest/debug/objects/./../Libraries/EMlib/3rd-party/EMLib/usb/src/em_usbdint.o
 .text.USBHAL_FlushTxFifo
                0x0000000000010af4       0x4c /Users/naohiroiida/XDK-Workspace/appTest/debug/objects/./../Libraries/EMlib/3rd-party/EMLib/usb/src/em_usbdint.o
 .text.USBHAL_GetCoreInts
                0x0000000000010b40       0x40 /Users/naohiroiida/XDK-Workspace/appTest/debug/objects/./../Libraries/EMlib/3rd-party/EMLib/usb/src/em_usbdint.o
 .text.USBDHAL_EnableInts
                0x0000000000010b80       0x70 /Users/naohiroiida/XDK-Workspace/appTest/debug/objects/./../Libraries/EMlib/3rd-party/EMLib/usb/src/em_usbdint.o
 .text.USBDHAL_Ep0Activate
                0x0000000000010bf0       0x70 /Users/naohiroiida/XDK-Workspace/appTest/debug/objects/./../Libraries/EMlib/3rd-party/EMLib/usb/src/em_usbdint.o
 .text.USBDHAL_GetAllInEpInts
                0x0000000000010c60       0x48 /Users/naohiroiida/XDK-Workspace/appTest/debug/objects/./../Libraries/EMlib/3rd-party/EMLib/usb/src/em_usbdint.o
 .text.USBDHAL_GetAllOutEpInts
                0x0000000000010ca8       0x44 /Users/naohiroiida/XDK-Workspace/appTest/debug/objects/./../Libraries/EMlib/3rd-party/EMLib/usb/src/em_usbdint.o
 .text.USBDHAL_GetInEpInts
                0x0000000000010cec       0x44 /Users/naohiroiida/XDK-Workspace/appTest/debug/objects/./../Libraries/EMlib/3rd-party/EMLib/usb/src/em_usbdint.o
 .text.USBDHAL_GetOutEpInts
                0x0000000000010d30       0x44 /Users/naohiroiida/XDK-Workspace/appTest/debug/objects/./../Libraries/EMlib/3rd-party/EMLib/usb/src/em_usbdint.o
 .text.USBDHAL_StartEp0Setup
                0x0000000000010d74       0x88 /Users/naohiroiida/XDK-Workspace/appTest/debug/objects/./../Libraries/EMlib/3rd-party/EMLib/usb/src/em_usbdint.o
 .text.USBD_GetEpFromAddr
                0x0000000000010dfc       0xa0 /Users/naohiroiida/XDK-Workspace/appTest/debug/objects/./../Libraries/EMlib/3rd-party/EMLib/usb/src/em_usbdint.o
 .text.USB_IRQHandler
                0x0000000000010e9c      0x16c /Users/naohiroiida/XDK-Workspace/appTest/debug/objects/./../Libraries/EMlib/3rd-party/EMLib/usb/src/em_usbdint.o
                0x0000000000010e9c                USB_IRQHandler
 .text.Handle_USB_GINTSTS_ENUMDONE
                0x0000000000011008       0x3c /Users/naohiroiida/XDK-Workspace/appTest/debug/objects/./../Libraries/EMlib/3rd-party/EMLib/usb/src/em_usbdint.o
 .text.Handle_USB_GINTSTS_IEPINT
                0x0000000000011044      0x118 /Users/naohiroiida/XDK-Workspace/appTest/debug/objects/./../Libraries/EMlib/3rd-party/EMLib/usb/src/em_usbdint.o
 .text.Handle_USB_GINTSTS_OEPINT
                0x000000000001115c      0x230 /Users/naohiroiida/XDK-Workspace/appTest/debug/objects/./../Libraries/EMlib/3rd-party/EMLib/usb/src/em_usbdint.o
 .text.Handle_USB_GINTSTS_RESETDET
                0x000000000001138c       0x40 /Users/naohiroiida/XDK-Workspace/appTest/debug/objects/./../Libraries/EMlib/3rd-party/EMLib/usb/src/em_usbdint.o
 .text.Handle_USB_GINTSTS_SOF
                0x00000000000113cc       0x64 /Users/naohiroiida/XDK-Workspace/appTest/debug/objects/./../Libraries/EMlib/3rd-party/EMLib/usb/src/em_usbdint.o
 .text.Handle_USB_GINTSTS_USBRST
                0x0000000000011430      0x150 /Users/naohiroiida/XDK-Workspace/appTest/debug/objects/./../Libraries/EMlib/3rd-party/EMLib/usb/src/em_usbdint.o
 .text.Handle_USB_GINTSTS_USBSUSP
                0x0000000000011580       0x68 /Users/naohiroiida/XDK-Workspace/appTest/debug/objects/./../Libraries/EMlib/3rd-party/EMLib/usb/src/em_usbdint.o
 .text.Handle_USB_GINTSTS_WKUPINT
                0x00000000000115e8       0x30 /Users/naohiroiida/XDK-Workspace/appTest/debug/objects/./../Libraries/EMlib/3rd-party/EMLib/usb/src/em_usbdint.o
 .text.main     0x0000000000011618       0xa8 /Users/naohiroiida/XDK-Workspace/appTest/debug/objects/Main.o
                0x0000000000011618                main
 .text.initEnviromentalSensor
                0x00000000000116c0       0x60 /Users/naohiroiida/XDK-Workspace/appTest/debug/objects/appTest.o
                0x00000000000116c0                initEnviromentalSensor
 .text.readEnviromentalSensor
                0x0000000000011720       0x70 /Users/naohiroiida/XDK-Workspace/appTest/debug/objects/appTest.o
                0x0000000000011720                readEnviromentalSensor
 .text.readMagniteSensor
                0x0000000000011790       0xa4 /Users/naohiroiida/XDK-Workspace/appTest/debug/objects/appTest.o
                0x0000000000011790                readMagniteSensor
 .text.initLightSensor
                0x0000000000011834       0x48 /Users/naohiroiida/XDK-Workspace/appTest/debug/objects/appTest.o
                0x0000000000011834                initLightSensor
 .text.readLightSensor
                0x000000000001187c       0x48 /Users/naohiroiida/XDK-Workspace/appTest/debug/objects/appTest.o
                0x000000000001187c                readLightSensor
 .text.LedInitialize
                0x00000000000118c4       0x74 /Users/naohiroiida/XDK-Workspace/appTest/debug/objects/appTest.o
 .text.printHelloWorld
                0x0000000000011938       0x1c /Users/naohiroiida/XDK-Workspace/appTest/debug/objects/appTest.o
                0x0000000000011938                printHelloWorld
 .text.applicationInit
                0x0000000000011954      0x120 /Users/naohiroiida/XDK-Workspace/appTest/debug/objects/appTest.o
                0x0000000000011954                applicationInit
 .text.appInitSystem
                0x0000000000011a74       0x38 /Users/naohiroiida/XDK-Workspace/appTest/debug/objects/appTest.o
                0x0000000000011a74                appInitSystem
 .text          0x0000000000011aac       0x98 /Users/naohiroiida/XDK-Workspace/appTest/debug/objects/startup_efm32gg.o
                0x0000000000011aac                Reset_Handler
                0x0000000000011ae0                Default_Handler
                0x0000000000011ae2                NMI_Handler
                0x0000000000011ae4                HardFault_Handler
                0x0000000000011ae6                MemManage_Handler
                0x0000000000011ae8                BusFault_Handler
                0x0000000000011aea                UsageFault_Handler
                0x0000000000011aee                DebugMon_Handler
                0x0000000000011af8                TIMER0_IRQHandler
                0x0000000000011afe                ACMP0_IRQHandler
                0x0000000000011b02                ADC0_IRQHandler
                0x0000000000011b04                DAC0_IRQHandler
                0x0000000000011b0c                TIMER1_IRQHandler
                0x0000000000011b0e                TIMER2_IRQHandler
                0x0000000000011b10                TIMER3_IRQHandler
                0x0000000000011b16                LESENSE_IRQHandler
                0x0000000000011b24                LEUART0_IRQHandler
                0x0000000000011b26                LEUART1_IRQHandler
                0x0000000000011b28                LETIMER0_IRQHandler
                0x0000000000011b2a                PCNT0_IRQHandler
                0x0000000000011b2c                PCNT1_IRQHandler
                0x0000000000011b2e                PCNT2_IRQHandler
                0x0000000000011b32                BURTC_IRQHandler
                0x0000000000011b34                CMU_IRQHandler
                0x0000000000011b36                VCMP_IRQHandler
                0x0000000000011b38                LCD_IRQHandler
                0x0000000000011b3a                MSC_IRQHandler
                0x0000000000011b3c                AES_IRQHandler
                0x0000000000011b3e                EBI_IRQHandler
                0x0000000000011b40                EMU_IRQHandler
 .text.Retcode_GetPackage
                0x0000000000011b44       0x1c ./../Platform/Sensors/debug/libSensors_efm32_debug.a(Environmental.o)
 .text.bme280LibErrorMapping
                0x0000000000011b60       0x48 ./../Platform/Sensors/debug/libSensors_efm32_debug.a(Environmental.o)
 .text.mappingEnumForGetFunctions
                0x0000000000011ba8       0x5c ./../Platform/Sensors/debug/libSensors_efm32_debug.a(Environmental.o)
 .text.setOverSampling
                0x0000000000011c04      0x1e4 ./../Platform/Sensors/debug/libSensors_efm32_debug.a(Environmental.o)
 .text.Environmental_init
                0x0000000000011de8       0x9c ./../Platform/Sensors/debug/libSensors_efm32_debug.a(Environmental.o)
                0x0000000000011de8                Environmental_init
 .text.Environmental_setPowerMode
                0x0000000000011e84       0xbc ./../Platform/Sensors/debug/libSensors_efm32_debug.a(Environmental.o)
                0x0000000000011e84                Environmental_setPowerMode
 .text.Environmental_getPowerMode
                0x0000000000011f40       0xe4 ./../Platform/Sensors/debug/libSensors_efm32_debug.a(Environmental.o)
                0x0000000000011f40                Environmental_getPowerMode
 .text.Environmental_readData
                0x0000000000012024       0xd0 ./../Platform/Sensors/debug/libSensors_efm32_debug.a(Environmental.o)
                0x0000000000012024                Environmental_readData
 .text.Environmental_setFilterCoefficient
                0x00000000000120f4       0xbc ./../Platform/Sensors/debug/libSensors_efm32_debug.a(Environmental.o)
                0x00000000000120f4                Environmental_setFilterCoefficient
 .text.Environmental_setOverSamplingPressure
                0x00000000000121b0       0x28 ./../Platform/Sensors/debug/libSensors_efm32_debug.a(Environmental.o)
                0x00000000000121b0                Environmental_setOverSamplingPressure
 .text.Retcode_GetPackage
                0x00000000000121d8       0x1c ./../Platform/Sensors/debug/libSensors_efm32_debug.a(LightSensor.o)
 .text.maxIsrCallback
                0x00000000000121f4       0xbc ./../Platform/Sensors/debug/libSensors_efm32_debug.a(LightSensor.o)
 .text.LightSensor_init
                0x00000000000122b0       0xb8 ./../Platform/Sensors/debug/libSensors_efm32_debug.a(LightSensor.o)
                0x00000000000122b0                LightSensor_init
 .text.LightSensor_readLuxData
                0x0000000000012368       0xac ./../Platform/Sensors/debug/libSensors_efm32_debug.a(LightSensor.o)
                0x0000000000012368                LightSensor_readLuxData
 .text.Retcode_GetPackage
                0x0000000000012414       0x1c ./../Platform/Sensors/debug/libSensors_efm32_debug.a(Magnetometer.o)
 .text.bmmIsrCallback
                0x0000000000012430       0x14 ./../Platform/Sensors/debug/libSensors_efm32_debug.a(Magnetometer.o)
 .text.bmm150LibErrorMapping
                0x0000000000012444       0x48 ./../Platform/Sensors/debug/libSensors_efm32_debug.a(Magnetometer.o)
 .text.readMagData
                0x000000000001248c       0x80 ./../Platform/Sensors/debug/libSensors_efm32_debug.a(Magnetometer.o)
 .text.Magnetometer_init
                0x000000000001250c       0xac ./../Platform/Sensors/debug/libSensors_efm32_debug.a(Magnetometer.o)
                0x000000000001250c                Magnetometer_init
 .text.Magnetometer_readXyzTeslaData
                0x00000000000125b8      0x114 ./../Platform/Sensors/debug/libSensors_efm32_debug.a(Magnetometer.o)
                0x00000000000125b8                Magnetometer_readXyzTeslaData
 .text.NVIC_SetPriorityGrouping
                0x00000000000126cc       0x50 ./../Platform/BSP/debug/libBSP_efm32_debug.a(BSP_Board.o)
 .text.NVIC_EnableIRQ
                0x000000000001271c       0x38 ./../Platform/BSP/debug/libBSP_efm32_debug.a(BSP_Board.o)
 .text.NVIC_DisableIRQ
                0x0000000000012754       0x3c ./../Platform/BSP/debug/libBSP_efm32_debug.a(BSP_Board.o)
 .text.NVIC_ClearPendingIRQ
                0x0000000000012790       0x3c ./../Platform/BSP/debug/libBSP_efm32_debug.a(BSP_Board.o)
 .text.NVIC_SetPriority
                0x00000000000127cc       0x5c ./../Platform/BSP/debug/libBSP_efm32_debug.a(BSP_Board.o)
 .text.SysTick_Config
                0x0000000000012828       0x64 ./../Platform/BSP/debug/libBSP_efm32_debug.a(BSP_Board.o)
 .text.CHIP_Init
                0x000000000001288c       0x50 ./../Platform/BSP/debug/libBSP_efm32_debug.a(BSP_Board.o)
 .text.GPIO_PinOutClear
                0x00000000000128dc       0x4c ./../Platform/BSP/debug/libBSP_efm32_debug.a(BSP_Board.o)
 .text.INT_Disable
                0x0000000000012928       0x40 ./../Platform/BSP/debug/libBSP_efm32_debug.a(BSP_Board.o)
 .text.INT_Enable
                0x0000000000012968       0x54 ./../Platform/BSP/debug/libBSP_efm32_debug.a(BSP_Board.o)
 .text.BSP_Board_OSTickInitialize
                0x00000000000129bc       0x2c ./../Platform/BSP/debug/libBSP_efm32_debug.a(BSP_Board.o)
                0x00000000000129bc                BSP_Board_OSTickInitialize
 .text.BSP_Board_Initialize
                0x00000000000129e8      0x150 ./../Platform/BSP/debug/libBSP_efm32_debug.a(BSP_Board.o)
                0x00000000000129e8                BSP_Board_Initialize
 .text.BSP_Board_Delay
                0x0000000000012b38       0x30 ./../Platform/BSP/debug/libBSP_efm32_debug.a(BSP_Board.o)
                0x0000000000012b38                BSP_Board_Delay
 .text.BSP_Board_SetOStoBSPDelayFunc
                0x0000000000012b68       0x20 ./../Platform/BSP/debug/libBSP_efm32_debug.a(BSP_Board.o)
                0x0000000000012b68                BSP_Board_SetOStoBSPDelayFunc
 .text.Board_GPIOInterruptInit
                0x0000000000012b88       0x30 ./../Platform/BSP/debug/libBSP_efm32_debug.a(BSP_Board.o)
                0x0000000000012b88                Board_GPIOInterruptInit
 .text.Board_GPIOInterruptGetCallback
                0x0000000000012bb8       0x24 ./../Platform/BSP/debug/libBSP_efm32_debug.a(BSP_Board.o)
                0x0000000000012bb8                Board_GPIOInterruptGetCallback
 .text.Board_GPIOInterruptRegisterCallback
                0x0000000000012bdc       0x38 ./../Platform/BSP/debug/libBSP_efm32_debug.a(BSP_Board.o)
                0x0000000000012bdc                Board_GPIOInterruptRegisterCallback
 .text.Board_GPIOInterruptDispatch
                0x0000000000012c14       0x64 ./../Platform/BSP/debug/libBSP_efm32_debug.a(BSP_Board.o)
                0x0000000000012c14                Board_GPIOInterruptDispatch
 .text.Board_UART0_UART_Init
                0x0000000000012c78       0xcc ./../Platform/BSP/debug/libBSP_efm32_debug.a(BSP_Board.o)
                0x0000000000012c78                Board_UART0_UART_Init
 .text.Board_UART1_UART_Init
                0x0000000000012d44       0xcc ./../Platform/BSP/debug/libBSP_efm32_debug.a(BSP_Board.o)
                0x0000000000012d44                Board_UART1_UART_Init
 .text.Board_USART0_SPI_Init
                0x0000000000012e10       0xa8 ./../Platform/BSP/debug/libBSP_efm32_debug.a(BSP_Board.o)
                0x0000000000012e10                Board_USART0_SPI_Init
 .text.Board_USART1_SPI_Init
                0x0000000000012eb8       0x8c ./../Platform/BSP/debug/libBSP_efm32_debug.a(BSP_Board.o)
                0x0000000000012eb8                Board_USART1_SPI_Init
 .text.Board_GPIO_Init
                0x0000000000012f44       0x6c ./../Platform/BSP/debug/libBSP_efm32_debug.a(BSP_Board.o)
                0x0000000000012f44                Board_GPIO_Init
 .text.Board_WakeupPowerSupply2V5
                0x0000000000012fb0       0x50 ./../Platform/BSP/debug/libBSP_efm32_debug.a(BSP_Board.o)
                0x0000000000012fb0                Board_WakeupPowerSupply2V5
 .text.PowerSupply2V5UpdateRegister
                0x0000000000013000      0x268 ./../Platform/BSP/debug/libBSP_efm32_debug.a(BSP_Board.o)
                0x0000000000013000                PowerSupply2V5UpdateRegister
 .text.Board_ADC_Init
                0x0000000000013268       0x78 ./../Platform/BSP/debug/libBSP_efm32_debug.a(BSP_Board.o)
                0x0000000000013268                Board_ADC_Init
 .text.Board_I2C0_Init
                0x00000000000132e0       0x54 ./../Platform/BSP/debug/libBSP_efm32_debug.a(BSP_Board.o)
                0x00000000000132e0                Board_I2C0_Init
 .text.Board_I2C1_Init
                0x0000000000013334       0x54 ./../Platform/BSP/debug/libBSP_efm32_debug.a(BSP_Board.o)
                0x0000000000013334                Board_I2C1_Init
 .text.Board_USB_Init
                0x0000000000013388       0x70 ./../Platform/BSP/debug/libBSP_efm32_debug.a(BSP_Board.o)
                0x0000000000013388                Board_USB_Init
 .text.Board_IncTick
                0x00000000000133f8       0x24 ./../Platform/BSP/debug/libBSP_efm32_debug.a(BSP_Board.o)
                0x00000000000133f8                Board_IncTick
 .text.Board_GetTick
                0x000000000001341c       0x18 ./../Platform/BSP/debug/libBSP_efm32_debug.a(BSP_Board.o)
                0x000000000001341c                Board_GetTick
 .text.Board_Delay
                0x0000000000013434       0x30 ./../Platform/BSP/debug/libBSP_efm32_debug.a(BSP_Board.o)
                0x0000000000013434                Board_Delay
 .text.Board_RTC_Init
                0x0000000000013464       0xa0 ./../Platform/BSP/debug/libBSP_efm32_debug.a(BSP_Board.o)
                0x0000000000013464                Board_RTC_Init
 .text.Board_BURTC_Init
                0x0000000000013504       0x28 ./../Platform/BSP/debug/libBSP_efm32_debug.a(BSP_Board.o)
                0x0000000000013504                Board_BURTC_Init
 .text.BSP_Board_EnableSysTick
                0x000000000001352c       0x38 ./../Platform/BSP/debug/libBSP_efm32_debug.a(BSP_Board.o)
                0x000000000001352c                BSP_Board_EnableSysTick
 .text.NVIC_EnableIRQ
                0x0000000000013564       0x38 ./../Platform/BSP/debug/libBSP_efm32_debug.a(BSP_DMA.o)
 .text.NVIC_ClearPendingIRQ
                0x000000000001359c       0x3c ./../Platform/BSP/debug/libBSP_efm32_debug.a(BSP_DMA.o)
 .text.NVIC_SetPriority
                0x00000000000135d8       0x5c ./../Platform/BSP/debug/libBSP_efm32_debug.a(BSP_DMA.o)
 .text.BSP_DMA_Initialize
                0x0000000000013634       0x88 ./../Platform/BSP/debug/libBSP_efm32_debug.a(BSP_DMA.o)
                0x0000000000013634                BSP_DMA_Initialize
 .text.BSP_DMA_Enable
                0x00000000000136bc       0x54 ./../Platform/BSP/debug/libBSP_efm32_debug.a(BSP_DMA.o)
                0x00000000000136bc                BSP_DMA_Enable
 .text.GPIO_IntClear
                0x0000000000013710       0x20 ./../Platform/BSP/debug/libBSP_efm32_debug.a(BSP_IrqHandler.o)
 .text.GPIO_IntGetEnabled
                0x0000000000013730       0x30 ./../Platform/BSP/debug/libBSP_efm32_debug.a(BSP_IrqHandler.o)
 .text.SysTick_Handler
                0x0000000000013760       0x40 ./../Platform/BSP/debug/libBSP_efm32_debug.a(BSP_IrqHandler.o)
                0x0000000000013760                SysTick_Handler
 .text.GPIO_EVEN_IRQHandler
                0x00000000000137a0       0x28 ./../Platform/BSP/debug/libBSP_efm32_debug.a(BSP_IrqHandler.o)
                0x00000000000137a0                GPIO_EVEN_IRQHandler
 .text.GPIO_ODD_IRQHandler
                0x00000000000137c8       0x28 ./../Platform/BSP/debug/libBSP_efm32_debug.a(BSP_IrqHandler.o)
                0x00000000000137c8                GPIO_ODD_IRQHandler
 .text.UART0_TX_IRQHandler
                0x00000000000137f0        0xc ./../Platform/BSP/debug/libBSP_efm32_debug.a(BSP_IrqHandler.o)
                0x00000000000137f0                UART0_TX_IRQHandler
 .text.UART0_RX_IRQHandler
                0x00000000000137fc        0xc ./../Platform/BSP/debug/libBSP_efm32_debug.a(BSP_IrqHandler.o)
                0x00000000000137fc                UART0_RX_IRQHandler
 .text.USART0_TX_IRQHandler
                0x0000000000013808        0xc ./../Platform/BSP/debug/libBSP_efm32_debug.a(BSP_IrqHandler.o)
                0x0000000000013808                USART0_TX_IRQHandler
 .text.USART0_RX_IRQHandler
                0x0000000000013814        0xc ./../Platform/BSP/debug/libBSP_efm32_debug.a(BSP_IrqHandler.o)
                0x0000000000013814                USART0_RX_IRQHandler
 .text.I2C0_IRQHandler
                0x0000000000013820        0xc ./../Platform/BSP/debug/libBSP_efm32_debug.a(BSP_IrqHandler.o)
                0x0000000000013820                I2C0_IRQHandler
 .text.I2C1_IRQHandler
                0x000000000001382c        0xc ./../Platform/BSP/debug/libBSP_efm32_debug.a(BSP_IrqHandler.o)
                0x000000000001382c                I2C1_IRQHandler
 .text.USART2_TX_IRQHandler
                0x0000000000013838        0xc ./../Platform/BSP/debug/libBSP_efm32_debug.a(BSP_IrqHandler.o)
                0x0000000000013838                USART2_TX_IRQHandler
 .text.USART2_RX_IRQHandler
                0x0000000000013844        0xc ./../Platform/BSP/debug/libBSP_efm32_debug.a(BSP_IrqHandler.o)
                0x0000000000013844                USART2_RX_IRQHandler
 .text.UART1_TX_IRQHandler
                0x0000000000013850        0xc ./../Platform/BSP/debug/libBSP_efm32_debug.a(BSP_IrqHandler.o)
                0x0000000000013850                UART1_TX_IRQHandler
 .text.UART1_RX_IRQHandler
                0x000000000001385c        0xc ./../Platform/BSP/debug/libBSP_efm32_debug.a(BSP_IrqHandler.o)
                0x000000000001385c                UART1_RX_IRQHandler
 .text.USART1_TX_IRQHandler
                0x0000000000013868        0xc ./../Platform/BSP/debug/libBSP_efm32_debug.a(BSP_IrqHandler.o)
                0x0000000000013868                USART1_TX_IRQHandler
 .text.USART1_RX_IRQHandler
                0x0000000000013874        0xc ./../Platform/BSP/debug/libBSP_efm32_debug.a(BSP_IrqHandler.o)
                0x0000000000013874                USART1_RX_IRQHandler
 .text.RTC_IRQHandler
                0x0000000000013880        0xc ./../Platform/BSP/debug/libBSP_efm32_debug.a(BSP_IrqHandler.o)
                0x0000000000013880                RTC_IRQHandler
 .text.IrqHandler_SysTickDummyHandler
                0x000000000001388c       0x10 ./../Platform/BSP/debug/libBSP_efm32_debug.a(BSP_IrqHandler.o)
                0x000000000001388c                IrqHandler_SysTickDummyHandler
 .text.GPIO_PinOutClear
                0x000000000001389c       0x4c ./../Platform/BSP/debug/libBSP_efm32_debug.a(BSP_LED.o)
 .text.GPIO_PinOutSet
                0x00000000000138e8       0x4c ./../Platform/BSP/debug/libBSP_efm32_debug.a(BSP_LED.o)
 .text.GPIO_PinOutToggle
                0x0000000000013934       0x4c ./../Platform/BSP/debug/libBSP_efm32_debug.a(BSP_LED.o)
 .text.BSP_LED_Connect
                0x0000000000013980       0x48 ./../Platform/BSP/debug/libBSP_efm32_debug.a(BSP_LED.o)
                0x0000000000013980                BSP_LED_Connect
 .text.BSP_LED_Enable
                0x00000000000139c8       0x64 ./../Platform/BSP/debug/libBSP_efm32_debug.a(BSP_LED.o)
                0x00000000000139c8                BSP_LED_Enable
 .text.BSP_LED_EnableAll
                0x0000000000013a2c       0x3c ./../Platform/BSP/debug/libBSP_efm32_debug.a(BSP_LED.o)
                0x0000000000013a2c                BSP_LED_EnableAll
 .text.BSP_LED_Switch
                0x0000000000013a68      0x15c ./../Platform/BSP/debug/libBSP_efm32_debug.a(BSP_LED.o)
                0x0000000000013a68                BSP_LED_Switch
 .text.BSP_LED_SwitchAll
                0x0000000000013bc4       0xd0 ./../Platform/BSP/debug/libBSP_efm32_debug.a(BSP_LED.o)
                0x0000000000013bc4                BSP_LED_SwitchAll
 .text.SDCard_SPIRxISR
                0x0000000000013c94       0x28 ./../Platform/BSP/debug/libBSP_efm32_debug.a(BSP_SDCard.o)
                0x0000000000013c94                SDCard_SPIRxISR
 .text.SDCard_SPITxISR
                0x0000000000013cbc       0x28 ./../Platform/BSP/debug/libBSP_efm32_debug.a(BSP_SDCard.o)
                0x0000000000013cbc                SDCard_SPITxISR
 .text.NVIC_EnableIRQ
                0x0000000000013ce4       0x38 ./../Platform/BSP/debug/libBSP_efm32_debug.a(BSP_SensorNode.o)
 .text.NVIC_DisableIRQ
                0x0000000000013d1c       0x3c ./../Platform/BSP/debug/libBSP_efm32_debug.a(BSP_SensorNode.o)
 .text.NVIC_SetPriority
                0x0000000000013d58       0x5c ./../Platform/BSP/debug/libBSP_efm32_debug.a(BSP_SensorNode.o)
 .text.GPIO_PinInGet
                0x0000000000013db4       0x4c ./../Platform/BSP/debug/libBSP_efm32_debug.a(BSP_SensorNode.o)
 .text.GPIO_PinOutSet
                0x0000000000013e00       0x4c ./../Platform/BSP/debug/libBSP_efm32_debug.a(BSP_SensorNode.o)
 .text.BSP_SensorNode_Connect
                0x0000000000013e4c      0x190 ./../Platform/BSP/debug/libBSP_efm32_debug.a(BSP_SensorNode.o)
                0x0000000000013e4c                BSP_SensorNode_Connect
 .text.BSP_SensorNode_Enable
                0x0000000000013fdc      0x408 ./../Platform/BSP/debug/libBSP_efm32_debug.a(BSP_SensorNode.o)
                0x0000000000013fdc                BSP_SensorNode_Enable
 .text.BSP_SensorNode_GetI2CHandle
                0x00000000000143e4       0x34 ./../Platform/BSP/debug/libBSP_efm32_debug.a(BSP_SensorNode.o)
                0x00000000000143e4                BSP_SensorNode_GetI2CHandle
 .text.SensorNode_EnableBus
                0x0000000000014418       0x6c ./../Platform/BSP/debug/libBSP_efm32_debug.a(BSP_SensorNode.o)
 .text.BMA280_INT_InterruptCallback
                0x0000000000014484       0x44 ./../Platform/BSP/debug/libBSP_efm32_debug.a(BSP_SensorNode.o)
 .text.BMA280_INT2_InterruptCallback
                0x00000000000144c8       0x44 ./../Platform/BSP/debug/libBSP_efm32_debug.a(BSP_SensorNode.o)
 .text.MAX44009_INTN_InterruptCallback
                0x000000000001450c       0x44 ./../Platform/BSP/debug/libBSP_efm32_debug.a(BSP_SensorNode.o)
 .text.SensorNode_I2CISR
                0x0000000000014550       0x28 ./../Platform/BSP/debug/libBSP_efm32_debug.a(BSP_SensorNode.o)
                0x0000000000014550                SensorNode_I2CISR
 .text.USB_setSerialNumber
                0x0000000000014578       0x7c ./../Platform/BSP/debug/libBSP_efm32_debug.a(BSP_USB.o)
 .text.USB_dataReceivedCallback
                0x00000000000145f4       0x98 ./../Platform/BSP/debug/libBSP_efm32_debug.a(BSP_USB.o)
 .text.USB_dataTransferred
                0x000000000001468c       0x4c ./../Platform/BSP/debug/libBSP_efm32_debug.a(BSP_USB.o)
 .text.USB_stateChange
                0x00000000000146d8       0x58 ./../Platform/BSP/debug/libBSP_efm32_debug.a(BSP_USB.o)
                0x00000000000146d8                USB_stateChange
 .text.USB_setupCommand
                0x0000000000014730      0x108 ./../Platform/BSP/debug/libBSP_efm32_debug.a(BSP_USB.o)
                0x0000000000014730                USB_setupCommand
 .text.USB_init
                0x0000000000014838       0xd0 ./../Platform/BSP/debug/libBSP_efm32_debug.a(BSP_USB.o)
                0x0000000000014838                USB_init
 .text.USB_receiveByte
                0x0000000000014908       0xa0 ./../Platform/BSP/debug/libBSP_efm32_debug.a(BSP_USB.o)
                0x0000000000014908                USB_receiveByte
 .text.RETARGET_WriteChar
                0x00000000000149a8       0x2c ./../Platform/BSP/debug/libBSP_efm32_debug.a(BSP_USB.o)
                0x00000000000149a8                RETARGET_WriteChar
 .text.USB_transmitData
                0x00000000000149d4       0xc4 ./../Platform/BSP/debug/libBSP_efm32_debug.a(BSP_USB.o)
                0x00000000000149d4                USB_transmitData
 .text.RETARGET_ReadChar
                0x0000000000014a98       0x24 ./../Platform/BSP/debug/libBSP_efm32_debug.a(BSP_USB.o)
                0x0000000000014a98                RETARGET_ReadChar
 .text.USB_callBackMapping
                0x0000000000014abc       0x38 ./../Platform/BSP/debug/libBSP_efm32_debug.a(BSP_USB.o)
                0x0000000000014abc                USB_callBackMapping
 .text.WiFi_CC3100MOD_SPIRxISR
                0x0000000000014af4       0x28 ./../Platform/BSP/debug/libBSP_efm32_debug.a(BSP_WiFi_cc3100mod.o)
                0x0000000000014af4                WiFi_CC3100MOD_SPIRxISR
 .text.WiFi_CC3100MOD_SPITxISR
                0x0000000000014b1c       0x28 ./../Platform/BSP/debug/libBSP_efm32_debug.a(BSP_WiFi_cc3100mod.o)
                0x0000000000014b1c                WiFi_CC3100MOD_SPITxISR
 .text.BT_EM9301_UART_TxISR
                0x0000000000014b44       0x28 ./../Platform/BSP/debug/libBSP_efm32_debug.a(BSP_BT_EM9301.o)
                0x0000000000014b44                BT_EM9301_UART_TxISR
 .text.BT_EM9301_UART_RxISR
                0x0000000000014b6c       0x28 ./../Platform/BSP/debug/libBSP_efm32_debug.a(BSP_BT_EM9301.o)
                0x0000000000014b6c                BT_EM9301_UART_RxISR
 .text.BSP_ExtensionPort_I2cIsr
                0x0000000000014b94       0x5c ./../Platform/BSP/debug/libBSP_efm32_debug.a(BSP_ExtensionPort.o)
                0x0000000000014b94                BSP_ExtensionPort_I2cIsr
 .text.BSP_ExtensionPort_SpiRxIsr
                0x0000000000014bf0       0x5c ./../Platform/BSP/debug/libBSP_efm32_debug.a(BSP_ExtensionPort.o)
                0x0000000000014bf0                BSP_ExtensionPort_SpiRxIsr
 .text.BSP_ExtensionPort_SpiTxIsr
                0x0000000000014c4c       0x5c ./../Platform/BSP/debug/libBSP_efm32_debug.a(BSP_ExtensionPort.o)
                0x0000000000014c4c                BSP_ExtensionPort_SpiTxIsr
 .text.BSP_ExtensionPort_UARTRxIsr
                0x0000000000014ca8       0x5c ./../Platform/BSP/debug/libBSP_efm32_debug.a(BSP_ExtensionPort.o)
                0x0000000000014ca8                BSP_ExtensionPort_UARTRxIsr
 .text.BSP_ExtensionPort_UARTTxIsr
                0x0000000000014d04       0x5c ./../Platform/BSP/debug/libBSP_efm32_debug.a(BSP_ExtensionPort.o)
                0x0000000000014d04                BSP_ExtensionPort_UARTTxIsr
 .text.xTaskGenericCreate
                0x0000000000014d60      0x1d0 ./../Libraries/FreeRTOS/debug/libFreeRTOS_efm32_debug.a(tasks.o)
                0x0000000000014d60                xTaskGenericCreate
 .text.vTaskStartScheduler
                0x0000000000014f30       0xa0 ./../Libraries/FreeRTOS/debug/libFreeRTOS_efm32_debug.a(tasks.o)
                0x0000000000014f30                vTaskStartScheduler
 .text.vTaskSuspendAll
                0x0000000000014fd0       0x24 ./../Libraries/FreeRTOS/debug/libFreeRTOS_efm32_debug.a(tasks.o)
                0x0000000000014fd0                vTaskSuspendAll
 .text.xTaskResumeAll
                0x0000000000014ff4      0x180 ./../Libraries/FreeRTOS/debug/libFreeRTOS_efm32_debug.a(tasks.o)
                0x0000000000014ff4                xTaskResumeAll
 .text.xTaskGetTickCount
                0x0000000000015174       0x20 ./../Libraries/FreeRTOS/debug/libFreeRTOS_efm32_debug.a(tasks.o)
                0x0000000000015174                xTaskGetTickCount
 .text.xTaskIncrementTick
                0x0000000000015194      0x20c ./../Libraries/FreeRTOS/debug/libFreeRTOS_efm32_debug.a(tasks.o)
                0x0000000000015194                xTaskIncrementTick
 .text.vTaskSwitchContext
                0x00000000000153a0      0x150 ./../Libraries/FreeRTOS/debug/libFreeRTOS_efm32_debug.a(tasks.o)
                0x00000000000153a0                vTaskSwitchContext
 .text.vTaskPlaceOnEventList
                0x00000000000154f0       0xc4 ./../Libraries/FreeRTOS/debug/libFreeRTOS_efm32_debug.a(tasks.o)
                0x00000000000154f0                vTaskPlaceOnEventList
 .text.vTaskPlaceOnEventListRestricted
                0x00000000000155b4       0xc4 ./../Libraries/FreeRTOS/debug/libFreeRTOS_efm32_debug.a(tasks.o)
                0x00000000000155b4                vTaskPlaceOnEventListRestricted
 .text.xTaskRemoveFromEventList
                0x0000000000015678       0xe8 ./../Libraries/FreeRTOS/debug/libFreeRTOS_efm32_debug.a(tasks.o)
                0x0000000000015678                xTaskRemoveFromEventList
 .text.vTaskSetTimeOutState
                0x0000000000015760       0x44 ./../Libraries/FreeRTOS/debug/libFreeRTOS_efm32_debug.a(tasks.o)
                0x0000000000015760                vTaskSetTimeOutState
 .text.xTaskCheckForTimeOut
                0x00000000000157a4       0xc4 ./../Libraries/FreeRTOS/debug/libFreeRTOS_efm32_debug.a(tasks.o)
                0x00000000000157a4                xTaskCheckForTimeOut
 .text.vTaskMissedYield
                0x0000000000015868       0x18 ./../Libraries/FreeRTOS/debug/libFreeRTOS_efm32_debug.a(tasks.o)
                0x0000000000015868                vTaskMissedYield
 .text.prvIdleTask
                0x0000000000015880       0x10 ./../Libraries/FreeRTOS/debug/libFreeRTOS_efm32_debug.a(tasks.o)
 .text.prvInitialiseTCBVariables
                0x0000000000015890       0xbc ./../Libraries/FreeRTOS/debug/libFreeRTOS_efm32_debug.a(tasks.o)
 .text.prvInitialiseTaskLists
                0x000000000001594c       0xa4 ./../Libraries/FreeRTOS/debug/libFreeRTOS_efm32_debug.a(tasks.o)
 .text.prvCheckTasksWaitingTermination
                0x00000000000159f0       0x9c ./../Libraries/FreeRTOS/debug/libFreeRTOS_efm32_debug.a(tasks.o)
 .text.prvAddCurrentTaskToDelayedList
                0x0000000000015a8c       0x8c ./../Libraries/FreeRTOS/debug/libFreeRTOS_efm32_debug.a(tasks.o)
 .text.prvAllocateTCBAndStack
                0x0000000000015b18       0x7c ./../Libraries/FreeRTOS/debug/libFreeRTOS_efm32_debug.a(tasks.o)
 .text.prvDeleteTCB
                0x0000000000015b94       0x20 ./../Libraries/FreeRTOS/debug/libFreeRTOS_efm32_debug.a(tasks.o)
 .text.prvResetNextTaskUnblockTime
                0x0000000000015bb4       0x5c ./../Libraries/FreeRTOS/debug/libFreeRTOS_efm32_debug.a(tasks.o)
 .text.xTaskGetSchedulerState
                0x0000000000015c10       0x48 ./../Libraries/FreeRTOS/debug/libFreeRTOS_efm32_debug.a(tasks.o)
                0x0000000000015c10                xTaskGetSchedulerState
 .text.vTaskPriorityInherit
                0x0000000000015c58      0x144 ./../Libraries/FreeRTOS/debug/libFreeRTOS_efm32_debug.a(tasks.o)
                0x0000000000015c58                vTaskPriorityInherit
 .text.xTaskPriorityDisinherit
                0x0000000000015d9c      0x13c ./../Libraries/FreeRTOS/debug/libFreeRTOS_efm32_debug.a(tasks.o)
                0x0000000000015d9c                xTaskPriorityDisinherit
 .text.pvTaskIncrementMutexHeldCount
                0x0000000000015ed8       0x38 ./../Libraries/FreeRTOS/debug/libFreeRTOS_efm32_debug.a(tasks.o)
                0x0000000000015ed8                pvTaskIncrementMutexHeldCount
 .text.xTimerCreateTimerTask
                0x0000000000015f10       0x78 ./../Libraries/FreeRTOS/debug/libFreeRTOS_efm32_debug.a(timers.o)
                0x0000000000015f10                xTimerCreateTimerTask
 .text.xTimerCreate
                0x0000000000015f88       0x7c ./../Libraries/FreeRTOS/debug/libFreeRTOS_efm32_debug.a(timers.o)
                0x0000000000015f88                xTimerCreate
 .text.xTimerGenericCommand
                0x0000000000016004       0xac ./../Libraries/FreeRTOS/debug/libFreeRTOS_efm32_debug.a(timers.o)
                0x0000000000016004                xTimerGenericCommand
 .text.prvProcessExpiredTimer
                0x00000000000160b0       0x88 ./../Libraries/FreeRTOS/debug/libFreeRTOS_efm32_debug.a(timers.o)
 .text.prvTimerTask
                0x0000000000016138       0x24 ./../Libraries/FreeRTOS/debug/libFreeRTOS_efm32_debug.a(timers.o)
 .text.prvProcessTimerOrBlockTask
                0x000000000001615c       0x78 ./../Libraries/FreeRTOS/debug/libFreeRTOS_efm32_debug.a(timers.o)
 .text.prvGetNextExpireTime
                0x00000000000161d4       0x54 ./../Libraries/FreeRTOS/debug/libFreeRTOS_efm32_debug.a(timers.o)
 .text.prvSampleTimeNow
                0x0000000000016228       0x4c ./../Libraries/FreeRTOS/debug/libFreeRTOS_efm32_debug.a(timers.o)
 .text.prvInsertTimerInActiveList
                0x0000000000016274       0x94 ./../Libraries/FreeRTOS/debug/libFreeRTOS_efm32_debug.a(timers.o)
 .text.prvProcessReceivedCommands
                0x0000000000016308      0x174 ./../Libraries/FreeRTOS/debug/libFreeRTOS_efm32_debug.a(timers.o)
 .text.prvSwitchTimerLists
                0x000000000001647c       0xf0 ./../Libraries/FreeRTOS/debug/libFreeRTOS_efm32_debug.a(timers.o)
 .text.prvCheckForValidListAndQueue
                0x000000000001656c       0xb8 ./../Libraries/FreeRTOS/debug/libFreeRTOS_efm32_debug.a(timers.o)
 .text.xTimerPendFunctionCallFromISR
                0x0000000000016624       0x4c ./../Libraries/FreeRTOS/debug/libFreeRTOS_efm32_debug.a(timers.o)
                0x0000000000016624                xTimerPendFunctionCallFromISR
 .text.pvPortMalloc
                0x0000000000016670      0x1e0 ./../Libraries/FreeRTOS/debug/libFreeRTOS_efm32_debug.a(heap_4.o)
                0x0000000000016670                pvPortMalloc
 .text.vPortFree
                0x0000000000016850       0xcc ./../Libraries/FreeRTOS/debug/libFreeRTOS_efm32_debug.a(heap_4.o)
                0x0000000000016850                vPortFree
 .text.prvHeapInit
                0x000000000001691c       0xfc ./../Libraries/FreeRTOS/debug/libFreeRTOS_efm32_debug.a(heap_4.o)
 .text.prvInsertBlockIntoFreeList
                0x0000000000016a18       0xbc ./../Libraries/FreeRTOS/debug/libFreeRTOS_efm32_debug.a(heap_4.o)
 .text.pxPortInitialiseStack
                0x0000000000016ad4       0x64 ./../Libraries/FreeRTOS/debug/libFreeRTOS_efm32_debug.a(port.o)
                0x0000000000016ad4                pxPortInitialiseStack
 .text.prvTaskExitError
                0x0000000000016b38       0x2c ./../Libraries/FreeRTOS/debug/libFreeRTOS_efm32_debug.a(port.o)
 .text.SVC_Handler
                0x0000000000016b64       0x24 ./../Libraries/FreeRTOS/debug/libFreeRTOS_efm32_debug.a(port.o)
                0x0000000000016b64                SVC_Handler
 .text.prvPortStartFirstTask
                0x0000000000016b88       0x20 ./../Libraries/FreeRTOS/debug/libFreeRTOS_efm32_debug.a(port.o)
 .text.xPortStartScheduler
                0x0000000000016ba8      0x10c ./../Libraries/FreeRTOS/debug/libFreeRTOS_efm32_debug.a(port.o)
                0x0000000000016ba8                xPortStartScheduler
 .text.vPortYield
                0x0000000000016cb4       0x20 ./../Libraries/FreeRTOS/debug/libFreeRTOS_efm32_debug.a(port.o)
                0x0000000000016cb4                vPortYield
 .text.vPortEnterCritical
                0x0000000000016cd4       0x58 ./../Libraries/FreeRTOS/debug/libFreeRTOS_efm32_debug.a(port.o)
                0x0000000000016cd4                vPortEnterCritical
 .text.vPortExitCritical
                0x0000000000016d2c       0x54 ./../Libraries/FreeRTOS/debug/libFreeRTOS_efm32_debug.a(port.o)
                0x0000000000016d2c                vPortExitCritical
 .text.ulPortSetInterruptMask
                0x0000000000016d80       0x14 ./../Libraries/FreeRTOS/debug/libFreeRTOS_efm32_debug.a(port.o)
                0x0000000000016d80                ulPortSetInterruptMask
 .text.vPortClearInterruptMask
                0x0000000000016d94        0x8 ./../Libraries/FreeRTOS/debug/libFreeRTOS_efm32_debug.a(port.o)
                0x0000000000016d94                vPortClearInterruptMask
 .text.PendSV_Handler
                0x0000000000016d9c       0x44 ./../Libraries/FreeRTOS/debug/libFreeRTOS_efm32_debug.a(port.o)
                0x0000000000016d9c                PendSV_Handler
 .text.xPortSysTickHandler
                0x0000000000016de0       0x2c ./../Libraries/FreeRTOS/debug/libFreeRTOS_efm32_debug.a(port.o)
                0x0000000000016de0                xPortSysTickHandler
 .text.vPortSetupTimerInterrupt
                0x0000000000016e0c       0x28 ./../Libraries/FreeRTOS/debug/libFreeRTOS_efm32_debug.a(port.o)
                0x0000000000016e0c                vPortSetupTimerInterrupt
 .text.vPortValidateInterruptPriority
                0x0000000000016e34       0x78 ./../Libraries/FreeRTOS/debug/libFreeRTOS_efm32_debug.a(port.o)
                0x0000000000016e34                vPortValidateInterruptPriority
 .text.vListInitialise
                0x0000000000016eac       0x40 ./../Libraries/FreeRTOS/debug/libFreeRTOS_efm32_debug.a(list.o)
                0x0000000000016eac                vListInitialise
 .text.vListInitialiseItem
                0x0000000000016eec       0x1c ./../Libraries/FreeRTOS/debug/libFreeRTOS_efm32_debug.a(list.o)
                0x0000000000016eec                vListInitialiseItem
 .text.vListInsertEnd
                0x0000000000016f08       0x48 ./../Libraries/FreeRTOS/debug/libFreeRTOS_efm32_debug.a(list.o)
                0x0000000000016f08                vListInsertEnd
 .text.vListInsert
                0x0000000000016f50       0x74 ./../Libraries/FreeRTOS/debug/libFreeRTOS_efm32_debug.a(list.o)
                0x0000000000016f50                vListInsert
 .text.uxListRemove
                0x0000000000016fc4       0x58 ./../Libraries/FreeRTOS/debug/libFreeRTOS_efm32_debug.a(list.o)
                0x0000000000016fc4                uxListRemove
 .text.xQueueGenericReset
                0x000000000001701c       0xc8 ./../Libraries/FreeRTOS/debug/libFreeRTOS_efm32_debug.a(queue.o)
                0x000000000001701c                xQueueGenericReset
 .text.xQueueGenericCreate
                0x00000000000170e4       0xb8 ./../Libraries/FreeRTOS/debug/libFreeRTOS_efm32_debug.a(queue.o)
                0x00000000000170e4                xQueueGenericCreate
 .text.xQueueCreateMutex
                0x000000000001719c       0xb8 ./../Libraries/FreeRTOS/debug/libFreeRTOS_efm32_debug.a(queue.o)
                0x000000000001719c                xQueueCreateMutex
 .text.xQueueGenericSend
                0x0000000000017254      0x1c8 ./../Libraries/FreeRTOS/debug/libFreeRTOS_efm32_debug.a(queue.o)
                0x0000000000017254                xQueueGenericSend
 .text.xQueueGenericSendFromISR
                0x000000000001741c      0x110 ./../Libraries/FreeRTOS/debug/libFreeRTOS_efm32_debug.a(queue.o)
                0x000000000001741c                xQueueGenericSendFromISR
 .text.xQueueGiveFromISR
                0x000000000001752c      0x108 ./../Libraries/FreeRTOS/debug/libFreeRTOS_efm32_debug.a(queue.o)
                0x000000000001752c                xQueueGiveFromISR
 .text.xQueueGenericReceive
                0x0000000000017634      0x1e0 ./../Libraries/FreeRTOS/debug/libFreeRTOS_efm32_debug.a(queue.o)
                0x0000000000017634                xQueueGenericReceive
 .text.vQueueDelete
                0x0000000000017814       0x38 ./../Libraries/FreeRTOS/debug/libFreeRTOS_efm32_debug.a(queue.o)
                0x0000000000017814                vQueueDelete
 .text.prvCopyDataToQueue
                0x000000000001784c       0xe8 ./../Libraries/FreeRTOS/debug/libFreeRTOS_efm32_debug.a(queue.o)
 .text.prvCopyDataFromQueue
                0x0000000000017934       0x50 ./../Libraries/FreeRTOS/debug/libFreeRTOS_efm32_debug.a(queue.o)
 .text.prvUnlockQueue
                0x0000000000017984       0xc0 ./../Libraries/FreeRTOS/debug/libFreeRTOS_efm32_debug.a(queue.o)
 .text.prvIsQueueEmpty
                0x0000000000017a44       0x34 ./../Libraries/FreeRTOS/debug/libFreeRTOS_efm32_debug.a(queue.o)
 .text.prvIsQueueFull
                0x0000000000017a78       0x38 ./../Libraries/FreeRTOS/debug/libFreeRTOS_efm32_debug.a(queue.o)
 .text.vQueueAddToRegistry
                0x0000000000017ab0       0x64 ./../Libraries/FreeRTOS/debug/libFreeRTOS_efm32_debug.a(queue.o)
                0x0000000000017ab0                vQueueAddToRegistry
 .text.vQueueUnregisterQueue
                0x0000000000017b14       0x54 ./../Libraries/FreeRTOS/debug/libFreeRTOS_efm32_debug.a(queue.o)
                0x0000000000017b14                vQueueUnregisterQueue
 .text.vQueueWaitForMessageRestricted
                0x0000000000017b68       0x64 ./../Libraries/FreeRTOS/debug/libFreeRTOS_efm32_debug.a(queue.o)
                0x0000000000017b68                vQueueWaitForMessageRestricted
 .text.prvNotifyQueueSetContainer
                0x0000000000017bcc       0xa8 ./../Libraries/FreeRTOS/debug/libFreeRTOS_efm32_debug.a(queue.o)
 .text.ADC_Init
                0x0000000000017c74       0x68 ./../Libraries/EMlib/debug/libEMLib_efm32_debug.a(em_adc.o)
                0x0000000000017c74                ADC_Init
 .text.ADC_PrescaleCalc
                0x0000000000017cdc       0x78 ./../Libraries/EMlib/debug/libEMLib_efm32_debug.a(em_adc.o)
                0x0000000000017cdc                ADC_PrescaleCalc
 .text.ADC_TimebaseCalc
                0x0000000000017d54       0x74 ./../Libraries/EMlib/debug/libEMLib_efm32_debug.a(em_adc.o)
                0x0000000000017d54                ADC_TimebaseCalc
 .text.BITBAND_Peripheral
                0x0000000000017dc8       0x30 ./../Libraries/EMlib/debug/libEMLib_efm32_debug.a(em_cmu.o)
 .text.CMU_MaxFreqHfle
                0x0000000000017df8       0xb8 ./../Libraries/EMlib/debug/libEMLib_efm32_debug.a(em_cmu.o)
 .text.CMU_FlashWaitStateMax
                0x0000000000017eb0       0x68 ./../Libraries/EMlib/debug/libEMLib_efm32_debug.a(em_cmu.o)
 .text.CMU_DivToLog2
                0x0000000000017f18       0x38 ./../Libraries/EMlib/debug/libEMLib_efm32_debug.a(em_cmu.o)
 .text.CMU_FlashWaitStateControl
                0x0000000000017f50       0xf4 ./../Libraries/EMlib/debug/libEMLib_efm32_debug.a(em_cmu.o)
 .text.CMU_USBCClkGet
                0x0000000000018044       0x50 ./../Libraries/EMlib/debug/libEMLib_efm32_debug.a(em_cmu.o)
 .text.CMU_AUXClkGet
                0x0000000000018094       0x9c ./../Libraries/EMlib/debug/libEMLib_efm32_debug.a(em_cmu.o)
 .text.CMU_DBGClkGet
                0x0000000000018130       0x64 ./../Libraries/EMlib/debug/libEMLib_efm32_debug.a(em_cmu.o)
 .text.CMU_LFClkGet
                0x0000000000018194       0xd4 ./../Libraries/EMlib/debug/libEMLib_efm32_debug.a(em_cmu.o)
 .text.CMU_Sync
                0x0000000000018268       0x3c ./../Libraries/EMlib/debug/libEMLib_efm32_debug.a(em_cmu.o)
 .text.CMU_ClockDivSet
                0x00000000000182a4      0x298 ./../Libraries/EMlib/debug/libEMLib_efm32_debug.a(em_cmu.o)
                0x00000000000182a4                CMU_ClockDivSet
 .text.CMU_ClockEnable
                0x000000000001853c      0x10c ./../Libraries/EMlib/debug/libEMLib_efm32_debug.a(em_cmu.o)
                0x000000000001853c                CMU_ClockEnable
 .text.CMU_ClockFreqGet
                0x0000000000018648      0x1e8 ./../Libraries/EMlib/debug/libEMLib_efm32_debug.a(em_cmu.o)
                0x0000000000018648                CMU_ClockFreqGet
 .text.CMU_ClockSelectGet
                0x0000000000018830      0x1a4 ./../Libraries/EMlib/debug/libEMLib_efm32_debug.a(em_cmu.o)
                0x0000000000018830                CMU_ClockSelectGet
 .text.CMU_ClockSelectSet
                0x00000000000189d4      0x38c ./../Libraries/EMlib/debug/libEMLib_efm32_debug.a(em_cmu.o)
                0x00000000000189d4                CMU_ClockSelectSet
 .text.CMU_OscillatorEnable
                0x0000000000018d60       0xe8 ./../Libraries/EMlib/debug/libEMLib_efm32_debug.a(em_cmu.o)
                0x0000000000018d60                CMU_OscillatorEnable
 .text.MSC_Init
                0x0000000000018e48      0x108 ./../Libraries/EMlib/debug/libEMLib_efm32_debug.a(em_msc.o)
                0x0000000000018e48                MSC_Init
 .text.MSC_Deinit
                0x0000000000018f50       0x30 ./../Libraries/EMlib/debug/libEMLib_efm32_debug.a(em_msc.o)
                0x0000000000018f50                MSC_Deinit
 .text.NVIC_DisableIRQ
                0x0000000000018f80       0x3c ./../Libraries/EMlib/debug/libEMLib_efm32_debug.a(em_dma.o)
 .text.DMA_IRQHandler
                0x0000000000018fbc      0x110 ./../Libraries/EMlib/debug/libEMLib_efm32_debug.a(em_dma.o)
                0x0000000000018fbc                DMA_IRQHandler
 .text.DMA_Reset
                0x00000000000190cc       0xd4 ./../Libraries/EMlib/debug/libEMLib_efm32_debug.a(em_dma.o)
                0x00000000000190cc                DMA_Reset
 .text.EMU_UpdateOscConfig
                0x00000000000191a0       0x20 ./../Libraries/EMlib/debug/libEMLib_efm32_debug.a(em_emu.o)
                0x00000000000191a0                EMU_UpdateOscConfig
 .text.BITBAND_Peripheral
                0x00000000000191c0       0x30 ./../Libraries/EMlib/debug/libEMLib_efm32_debug.a(em_gpio.o)
 .text.GPIO_DriveModeSet
                0x00000000000191f0       0x60 ./../Libraries/EMlib/debug/libEMLib_efm32_debug.a(em_gpio.o)
                0x00000000000191f0                GPIO_DriveModeSet
 .text.GPIO_IntConfig
                0x0000000000019250       0xf4 ./../Libraries/EMlib/debug/libEMLib_efm32_debug.a(em_gpio.o)
                0x0000000000019250                GPIO_IntConfig
 .text.GPIO_PinModeSet
                0x0000000000019344      0x1b8 ./../Libraries/EMlib/debug/libEMLib_efm32_debug.a(em_gpio.o)
                0x0000000000019344                GPIO_PinModeSet
 .text.BITBAND_Peripheral
                0x00000000000194fc       0x30 ./../Libraries/EMlib/debug/libEMLib_efm32_debug.a(em_i2c.o)
 .text.I2C_BusFreqSet
                0x000000000001952c       0x94 ./../Libraries/EMlib/debug/libEMLib_efm32_debug.a(em_i2c.o)
                0x000000000001952c                I2C_BusFreqSet
 .text.I2C_Enable
                0x00000000000195c0       0x40 ./../Libraries/EMlib/debug/libEMLib_efm32_debug.a(em_i2c.o)
                0x00000000000195c0                I2C_Enable
 .text.I2C_Init
                0x0000000000019600       0x84 ./../Libraries/EMlib/debug/libEMLib_efm32_debug.a(em_i2c.o)
                0x0000000000019600                I2C_Init
 .text.I2C_Transfer
                0x0000000000019684      0x4ec ./../Libraries/EMlib/debug/libEMLib_efm32_debug.a(em_i2c.o)
                0x0000000000019684                I2C_Transfer
 .text.I2C_TransferInit
                0x0000000000019b70      0x104 ./../Libraries/EMlib/debug/libEMLib_efm32_debug.a(em_i2c.o)
                0x0000000000019b70                I2C_TransferInit
 .text.USART_BaudrateAsyncSet
                0x0000000000019c74       0xd0 ./../Libraries/EMlib/debug/libEMLib_efm32_debug.a(em_usart.o)
                0x0000000000019c74                USART_BaudrateAsyncSet
 .text.USART_BaudrateSyncSet
                0x0000000000019d44       0x7c ./../Libraries/EMlib/debug/libEMLib_efm32_debug.a(em_usart.o)
                0x0000000000019d44                USART_BaudrateSyncSet
 .text.USART_InitAsync
                0x0000000000019dc0       0xbc ./../Libraries/EMlib/debug/libEMLib_efm32_debug.a(em_usart.o)
                0x0000000000019dc0                USART_InitAsync
 .text.USART_Reset
                0x0000000000019e7c       0xd8 ./../Libraries/EMlib/debug/libEMLib_efm32_debug.a(em_usart.o)
                0x0000000000019e7c                USART_Reset
 .text.SYSTEM_ChipRevisionGet
                0x0000000000019f54       0x94 ./../Libraries/EMlib/debug/libEMLib_efm32_debug.a(em_system.o)
                0x0000000000019f54                SYSTEM_ChipRevisionGet
 .text.NVIC_EnableIRQ
                0x0000000000019fe8       0x38 ./../Libraries/EMlib/debug/libEMLib_efm32_debug.a(em_usbd.o)
 .text.NVIC_ClearPendingIRQ
                0x000000000001a020       0x3c ./../Libraries/EMlib/debug/libEMLib_efm32_debug.a(em_usbd.o)
 .text.INT_Disable
                0x000000000001a05c       0x40 ./../Libraries/EMlib/debug/libEMLib_efm32_debug.a(em_usbd.o)
 .text.INT_Enable
                0x000000000001a09c       0x54 ./../Libraries/EMlib/debug/libEMLib_efm32_debug.a(em_usbd.o)
 .text.USBHAL_DisableGlobalInt
                0x000000000001a0f0       0x34 ./../Libraries/EMlib/debug/libEMLib_efm32_debug.a(em_usbd.o)
 .text.USBHAL_EnableGlobalInt
                0x000000000001a124       0x34 ./../Libraries/EMlib/debug/libEMLib_efm32_debug.a(em_usbd.o)
 .text.USBDHAL_EnableUsbResetAndSuspendInt
                0x000000000001a158       0x38 ./../Libraries/EMlib/debug/libEMLib_efm32_debug.a(em_usbd.o)
 .text.USBDHAL_EpIsStalled
                0x000000000001a190       0x3c ./../Libraries/EMlib/debug/libEMLib_efm32_debug.a(em_usbd.o)
 .text.USBDHAL_GetStallStatusEp
                0x000000000001a1cc       0xc0 ./../Libraries/EMlib/debug/libEMLib_efm32_debug.a(em_usbd.o)
 .text.USBDHAL_SetEp0InDmaPtr
                0x000000000001a28c       0x28 ./../Libraries/EMlib/debug/libEMLib_efm32_debug.a(em_usbd.o)
 .text.USBDHAL_SetEp0OutDmaPtr
                0x000000000001a2b4       0x28 ./../Libraries/EMlib/debug/libEMLib_efm32_debug.a(em_usbd.o)
 .text.USBDHAL_StartEp0In
                0x000000000001a2dc       0x5c ./../Libraries/EMlib/debug/libEMLib_efm32_debug.a(em_usbd.o)
 .text.USBDHAL_StartEp0Out
                0x000000000001a338       0x5c ./../Libraries/EMlib/debug/libEMLib_efm32_debug.a(em_usbd.o)
 .text.USBDHAL_StartEpIn
                0x000000000001a394       0xc8 ./../Libraries/EMlib/debug/libEMLib_efm32_debug.a(em_usbd.o)
 .text.USBDHAL_StartEpOut
                0x000000000001a45c       0xd4 ./../Libraries/EMlib/debug/libEMLib_efm32_debug.a(em_usbd.o)
 .text.USBD_ArmEp
                0x000000000001a530       0x28 ./../Libraries/EMlib/debug/libEMLib_efm32_debug.a(em_usbd.o)
 .text.USBD_ArmEp0
                0x000000000001a558       0x88 ./../Libraries/EMlib/debug/libEMLib_efm32_debug.a(em_usbd.o)
 .text.USBD_ArmEpN
                0x000000000001a5e0       0x28 ./../Libraries/EMlib/debug/libEMLib_efm32_debug.a(em_usbd.o)
 .text.USBD_GetEpFromAddr
                0x000000000001a608       0xa0 ./../Libraries/EMlib/debug/libEMLib_efm32_debug.a(em_usbd.o)
 .text.USBD_Disconnect
                0x000000000001a6a8       0x14 ./../Libraries/EMlib/debug/libEMLib_efm32_debug.a(em_usbd.o)
                0x000000000001a6a8                USBD_Disconnect
 .text.USBD_GetUsbState
                0x000000000001a6bc       0x1c ./../Libraries/EMlib/debug/libEMLib_efm32_debug.a(em_usbd.o)
                0x000000000001a6bc                USBD_GetUsbState
 .text.USBD_Init
                0x000000000001a6d8      0x4fc ./../Libraries/EMlib/debug/libEMLib_efm32_debug.a(em_usbd.o)
                0x000000000001a6d8                USBD_Init
 .text.USBD_Read
                0x000000000001abd4      0x108 ./../Libraries/EMlib/debug/libEMLib_efm32_debug.a(em_usbd.o)
                0x000000000001abd4                USBD_Read
 .text.USBD_SetUsbState
                0x000000000001acdc       0x98 ./../Libraries/EMlib/debug/libEMLib_efm32_debug.a(em_usbd.o)
                0x000000000001acdc                USBD_SetUsbState
 .text.USBD_Write
                0x000000000001ad74      0x10c ./../Libraries/EMlib/debug/libEMLib_efm32_debug.a(em_usbd.o)
                0x000000000001ad74                USBD_Write
 .text.NVIC_ClearPendingIRQ
                0x000000000001ae80       0x3c ./../Libraries/EMlib/debug/libEMLib_efm32_debug.a(em_usbhal.o)
 .text.INT_Disable
                0x000000000001aebc       0x40 ./../Libraries/EMlib/debug/libEMLib_efm32_debug.a(em_usbhal.o)
 .text.INT_Enable
                0x000000000001aefc       0x54 ./../Libraries/EMlib/debug/libEMLib_efm32_debug.a(em_usbhal.o)
 .text.USBHAL_FlushRxFifo
                0x000000000001af50       0x3c ./../Libraries/EMlib/debug/libEMLib_efm32_debug.a(em_usbhal.o)
 .text.USBHAL_FlushTxFifo
                0x000000000001af8c       0x4c ./../Libraries/EMlib/debug/libEMLib_efm32_debug.a(em_usbhal.o)
 .text.USBDHAL_DeactivateEp
                0x000000000001afd8       0x88 ./../Libraries/EMlib/debug/libEMLib_efm32_debug.a(em_usbhal.o)
 .text.USBDHAL_GetInEpInts
                0x000000000001b060       0x44 ./../Libraries/EMlib/debug/libEMLib_efm32_debug.a(em_usbhal.o)
 .text.USBDHAL_GetOutEpInts
                0x000000000001b0a4       0x44 ./../Libraries/EMlib/debug/libEMLib_efm32_debug.a(em_usbhal.o)
 .text.USBDHAL_SetEPDISNAK
                0x000000000001b0e8       0xac ./../Libraries/EMlib/debug/libEMLib_efm32_debug.a(em_usbhal.o)
 .text.USBD_GetEpFromAddr
                0x000000000001b194       0xa0 ./../Libraries/EMlib/debug/libEMLib_efm32_debug.a(em_usbhal.o)
 .text.USBHAL_CoreReset
                0x000000000001b234       0xbc ./../Libraries/EMlib/debug/libEMLib_efm32_debug.a(em_usbhal.o)
                0x000000000001b234                USBHAL_CoreReset
 .text.USBDHAL_CoreInit
                0x000000000001b2f0      0x3ec ./../Libraries/EMlib/debug/libEMLib_efm32_debug.a(em_usbhal.o)
                0x000000000001b2f0                USBDHAL_CoreInit
 .text.USBDHAL_Disconnect
                0x000000000001b6dc       0x3c ./../Libraries/EMlib/debug/libEMLib_efm32_debug.a(em_usbhal.o)
                0x000000000001b6dc                USBDHAL_Disconnect
 .text.USBDHAL_AbortAllEps
                0x000000000001b718      0x53c ./../Libraries/EMlib/debug/libEMLib_efm32_debug.a(em_usbhal.o)
                0x000000000001b718                USBDHAL_AbortAllEps
 .text.USBDHAL_AbortAllTransfers
                0x000000000001bc54       0xc8 ./../Libraries/EMlib/debug/libEMLib_efm32_debug.a(em_usbhal.o)
                0x000000000001bc54                USBDHAL_AbortAllTransfers
 .text.USBDHAL_ReenableEp0Setup
                0x000000000001bd1c       0x60 ./../Libraries/EMlib/debug/libEMLib_efm32_debug.a(em_usbdep.o)
 .text.USBDHAL_StallEp
                0x000000000001bd7c       0xcc ./../Libraries/EMlib/debug/libEMLib_efm32_debug.a(em_usbdep.o)
 .text.USBDHAL_StartEp0In
                0x000000000001be48       0x5c ./../Libraries/EMlib/debug/libEMLib_efm32_debug.a(em_usbdep.o)
 .text.USBDHAL_StartEp0Out
                0x000000000001bea4       0x5c ./../Libraries/EMlib/debug/libEMLib_efm32_debug.a(em_usbdep.o)
 .text.USBD_GetEpFromAddr
                0x000000000001bf00       0xa0 ./../Libraries/EMlib/debug/libEMLib_efm32_debug.a(em_usbdep.o)
 .text.USBD_ReArmEp0
                0x000000000001bfa0       0x64 ./../Libraries/EMlib/debug/libEMLib_efm32_debug.a(em_usbdep.o)
 .text.USBDEP_Ep0Handler
                0x000000000001c004      0x300 ./../Libraries/EMlib/debug/libEMLib_efm32_debug.a(em_usbdep.o)
                0x000000000001c004                USBDEP_Ep0Handler
 .text.USBDEP_EpHandler
                0x000000000001c304       0x60 ./../Libraries/EMlib/debug/libEMLib_efm32_debug.a(em_usbdep.o)
                0x000000000001c304                USBDEP_EpHandler
 .text.TIMER_CounterGet
                0x000000000001c364       0x18 ./../Libraries/EMlib/debug/libEMLib_efm32_debug.a(em_usbtimer.o)
 .text.TIMER_TopSet
                0x000000000001c37c       0x1c ./../Libraries/EMlib/debug/libEMLib_efm32_debug.a(em_usbtimer.o)
 .text.DelayTicks
                0x000000000001c398       0x4c ./../Libraries/EMlib/debug/libEMLib_efm32_debug.a(em_usbtimer.o)
 .text.USBTIMER_DelayMs
                0x000000000001c3e4       0x84 ./../Libraries/EMlib/debug/libEMLib_efm32_debug.a(em_usbtimer.o)
                0x000000000001c3e4                USBTIMER_DelayMs
 .text.USBTIMER_DelayUs
                0x000000000001c468      0x124 ./../Libraries/EMlib/debug/libEMLib_efm32_debug.a(em_usbtimer.o)
                0x000000000001c468                USBTIMER_DelayUs
 .text.USBTIMER_Init
                0x000000000001c58c      0x188 ./../Libraries/EMlib/debug/libEMLib_efm32_debug.a(em_usbtimer.o)
                0x000000000001c58c                USBTIMER_Init
 .text.GetProdRev
                0x000000000001c714       0x1c ./../Libraries/EMlib/debug/libEMLib_efm32_debug.a(system_efm32gg.o)
 .text.SystemCoreClockGet
                0x000000000001c730       0x58 ./../Libraries/EMlib/debug/libEMLib_efm32_debug.a(system_efm32gg.o)
                0x000000000001c730                SystemCoreClockGet
 .text.SystemHFClockGet
                0x000000000001c788      0x110 ./../Libraries/EMlib/debug/libEMLib_efm32_debug.a(system_efm32gg.o)
                0x000000000001c788                SystemHFClockGet
 .text.SystemHFXOClockGet
                0x000000000001c898       0x18 ./../Libraries/EMlib/debug/libEMLib_efm32_debug.a(system_efm32gg.o)
                0x000000000001c898                SystemHFXOClockGet
 .text.SystemInit
                0x000000000001c8b0        0xc ./../Libraries/EMlib/debug/libEMLib_efm32_debug.a(system_efm32gg.o)
                0x000000000001c8b0                SystemInit
 .text.SystemLFRCOClockGet
                0x000000000001c8bc       0x10 ./../Libraries/EMlib/debug/libEMLib_efm32_debug.a(system_efm32gg.o)
                0x000000000001c8bc                SystemLFRCOClockGet
 .text.SystemULFRCOClockGet
                0x000000000001c8cc       0x10 ./../Libraries/EMlib/debug/libEMLib_efm32_debug.a(system_efm32gg.o)
                0x000000000001c8cc                SystemULFRCOClockGet
 .text.SystemLFXOClockGet
                0x000000000001c8dc       0x18 ./../Libraries/EMlib/debug/libEMLib_efm32_debug.a(system_efm32gg.o)
                0x000000000001c8dc                SystemLFXOClockGet
 .text.TIMER_Init
                0x000000000001c8f4      0x134 ./../Libraries/EMlib/debug/libEMLib_efm32_debug.a(em_timer.o)
                0x000000000001c8f4                TIMER_Init
 .text.TIMER_InitCC
                0x000000000001ca28       0xec ./../Libraries/EMlib/debug/libEMLib_efm32_debug.a(em_timer.o)
                0x000000000001ca28                TIMER_InitCC
 .text.USBDHAL_ActivateEp
                0x000000000001cb14      0x148 ./../Libraries/EMlib/debug/libEMLib_efm32_debug.a(em_usbdch9.o)
 .text.USBDHAL_DeactivateEp
                0x000000000001cc5c       0x88 ./../Libraries/EMlib/debug/libEMLib_efm32_debug.a(em_usbdch9.o)
 .text.USBDHAL_GetStallStatusEp
                0x000000000001cce4       0xc0 ./../Libraries/EMlib/debug/libEMLib_efm32_debug.a(em_usbdch9.o)
 .text.USBDHAL_SetAddr
                0x000000000001cda4       0x3c ./../Libraries/EMlib/debug/libEMLib_efm32_debug.a(em_usbdch9.o)
 .text.USBDHAL_StallEp
                0x000000000001cde0       0xcc ./../Libraries/EMlib/debug/libEMLib_efm32_debug.a(em_usbdch9.o)
 .text.USBDHAL_UnStallEp
                0x000000000001ceac       0xe4 ./../Libraries/EMlib/debug/libEMLib_efm32_debug.a(em_usbdch9.o)
 .text.USBD_ActivateAllEps
                0x000000000001cf90       0x54 ./../Libraries/EMlib/debug/libEMLib_efm32_debug.a(em_usbdch9.o)
 .text.USBD_DeactivateAllEps
                0x000000000001cfe4       0x68 ./../Libraries/EMlib/debug/libEMLib_efm32_debug.a(em_usbdch9.o)
 .text.USBD_GetEpFromAddr
                0x000000000001d04c       0xa0 ./../Libraries/EMlib/debug/libEMLib_efm32_debug.a(em_usbdch9.o)
 .text.USBDCH9_SetupCmd
                0x000000000001d0ec       0xec ./../Libraries/EMlib/debug/libEMLib_efm32_debug.a(em_usbdch9.o)
                0x000000000001d0ec                USBDCH9_SetupCmd
 .text.ClearFeature
                0x000000000001d1d8       0xcc ./../Libraries/EMlib/debug/libEMLib_efm32_debug.a(em_usbdch9.o)
 .text.GetConfiguration
                0x000000000001d2a4       0xb8 ./../Libraries/EMlib/debug/libEMLib_efm32_debug.a(em_usbdch9.o)
 .text.GetDescriptor
                0x000000000001d35c      0x10c ./../Libraries/EMlib/debug/libEMLib_efm32_debug.a(em_usbdch9.o)
 .text.GetInterface
                0x000000000001d468       0x94 ./../Libraries/EMlib/debug/libEMLib_efm32_debug.a(em_usbdch9.o)
 .text.GetStatus
                0x000000000001d4fc      0x1b4 ./../Libraries/EMlib/debug/libEMLib_efm32_debug.a(em_usbdch9.o)
 .text.SetAddress
                0x000000000001d6b0       0xb4 ./../Libraries/EMlib/debug/libEMLib_efm32_debug.a(em_usbdch9.o)
 .text.SetConfiguration
                0x000000000001d764      0x10c ./../Libraries/EMlib/debug/libEMLib_efm32_debug.a(em_usbdch9.o)
 .text.SetFeature
                0x000000000001d870      0x100 ./../Libraries/EMlib/debug/libEMLib_efm32_debug.a(em_usbdch9.o)
 .text.SetInterface
                0x000000000001d970       0x68 ./../Libraries/EMlib/debug/libEMLib_efm32_debug.a(em_usbdch9.o)
 .text.bme280_init
                0x000000000001d9d8       0xcc ./../Libraries/BSTLib/debug/libBSTLib_efm32_debug.a(bme280.o)
                0x000000000001d9d8                bme280_init
 .text.bme280_compensate_temperature_int32
                0x000000000001daa4       0xd0 ./../Libraries/BSTLib/debug/libBSTLib_efm32_debug.a(bme280.o)
                0x000000000001daa4                bme280_compensate_temperature_int32
 .text.bme280_compensate_pressure_int32
                0x000000000001db74      0x1d4 ./../Libraries/BSTLib/debug/libBSTLib_efm32_debug.a(bme280.o)
                0x000000000001db74                bme280_compensate_pressure_int32
 .text.bme280_compensate_humidity_int32
                0x000000000001dd48      0x110 ./../Libraries/BSTLib/debug/libBSTLib_efm32_debug.a(bme280.o)
                0x000000000001dd48                bme280_compensate_humidity_int32
 .text.bme280_read_uncomp_pressure_temperature_humidity
                0x000000000001de58       0xe0 ./../Libraries/BSTLib/debug/libBSTLib_efm32_debug.a(bme280.o)
                0x000000000001de58                bme280_read_uncomp_pressure_temperature_humidity
 .text.bme280_read_pressure_temperature_humidity
                0x000000000001df38       0x8c ./../Libraries/BSTLib/debug/libBSTLib_efm32_debug.a(bme280.o)
                0x000000000001df38                bme280_read_pressure_temperature_humidity
 .text.bme280_get_calib_param
                0x000000000001dfc4      0x2d8 ./../Libraries/BSTLib/debug/libBSTLib_efm32_debug.a(bme280.o)
                0x000000000001dfc4                bme280_get_calib_param
 .text.bme280_set_oversamp_temperature
                0x000000000001e29c      0x1e8 ./../Libraries/BSTLib/debug/libBSTLib_efm32_debug.a(bme280.o)
                0x000000000001e29c                bme280_set_oversamp_temperature
 .text.bme280_set_oversamp_pressure
                0x000000000001e484      0x1dc ./../Libraries/BSTLib/debug/libBSTLib_efm32_debug.a(bme280.o)
                0x000000000001e484                bme280_set_oversamp_pressure
 .text.bme280_set_oversamp_humidity
                0x000000000001e660      0x228 ./../Libraries/BSTLib/debug/libBSTLib_efm32_debug.a(bme280.o)
                0x000000000001e660                bme280_set_oversamp_humidity
 .text.bme280_get_power_mode
                0x000000000001e888       0x74 ./../Libraries/BSTLib/debug/libBSTLib_efm32_debug.a(bme280.o)
                0x000000000001e888                bme280_get_power_mode
 .text.bme280_set_power_mode
                0x000000000001e8fc      0x1e8 ./../Libraries/BSTLib/debug/libBSTLib_efm32_debug.a(bme280.o)
                0x000000000001e8fc                bme280_set_power_mode
 .text.bme280_set_soft_rst
                0x000000000001eae4       0x64 ./../Libraries/BSTLib/debug/libBSTLib_efm32_debug.a(bme280.o)
                0x000000000001eae4                bme280_set_soft_rst
 .text.bme280_set_filter
                0x000000000001eb48      0x1e8 ./../Libraries/BSTLib/debug/libBSTLib_efm32_debug.a(bme280.o)
                0x000000000001eb48                bme280_set_filter
 .text.bme280_set_standby_durn
                0x000000000001ed30      0x1e0 ./../Libraries/BSTLib/debug/libBSTLib_efm32_debug.a(bme280.o)
                0x000000000001ed30                bme280_set_standby_durn
 .text.bme280_write_register
                0x000000000001ef10       0x64 ./../Libraries/BSTLib/debug/libBSTLib_efm32_debug.a(bme280.o)
                0x000000000001ef10                bme280_write_register
 .text.bme280_read_register
                0x000000000001ef74       0x64 ./../Libraries/BSTLib/debug/libBSTLib_efm32_debug.a(bme280.o)
                0x000000000001ef74                bme280_read_register
 .text.bmm050_init
                0x000000000001efd8       0xbc ./../Libraries/BSTLib/debug/libBSTLib_efm32_debug.a(bmm050.o)
                0x000000000001efd8                bmm050_init
 .text.bmm050_set_presetmode
                0x000000000001f094      0x120 ./../Libraries/BSTLib/debug/libBSTLib_efm32_debug.a(bmm050.o)
                0x000000000001f094                bmm050_set_presetmode
 .text.bmm050_set_functional_state
                0x000000000001f1b4      0x28c ./../Libraries/BSTLib/debug/libBSTLib_efm32_debug.a(bmm050.o)
                0x000000000001f1b4                bmm050_set_functional_state
 .text.bmm050_read_mag_data_XYZ_s32
                0x000000000001f440      0x158 ./../Libraries/BSTLib/debug/libBSTLib_efm32_debug.a(bmm050.o)
                0x000000000001f440                bmm050_read_mag_data_XYZ_s32
 .text.bmm050_set_data_rate
                0x000000000001f598       0xbc ./../Libraries/BSTLib/debug/libBSTLib_efm32_debug.a(bmm050.o)
                0x000000000001f598                bmm050_set_data_rate
 .text.bmm050_init_trim_registers
                0x000000000001f654      0x344 ./../Libraries/BSTLib/debug/libBSTLib_efm32_debug.a(bmm050.o)
                0x000000000001f654                bmm050_init_trim_registers
 .text.bmm050_get_power_mode
                0x000000000001f998       0x78 ./../Libraries/BSTLib/debug/libBSTLib_efm32_debug.a(bmm050.o)
                0x000000000001f998                bmm050_get_power_mode
 .text.bmm050_set_power_mode
                0x000000000001fa10       0xb8 ./../Libraries/BSTLib/debug/libBSTLib_efm32_debug.a(bmm050.o)
                0x000000000001fa10                bmm050_set_power_mode
 .text.bmm050_set_rep_XY
                0x000000000001fac8       0x6c ./../Libraries/BSTLib/debug/libBSTLib_efm32_debug.a(bmm050.o)
                0x000000000001fac8                bmm050_set_rep_XY
 .text.bmm050_set_rep_Z
                0x000000000001fb34       0x6c ./../Libraries/BSTLib/debug/libBSTLib_efm32_debug.a(bmm050.o)
                0x000000000001fb34                bmm050_set_rep_Z
 .text.bmm050_compensate_X
                0x000000000001fba0      0x114 ./../Libraries/BSTLib/debug/libBSTLib_efm32_debug.a(bmm050.o)
                0x000000000001fba0                bmm050_compensate_X
 .text.bmm050_compensate_X_s32
                0x000000000001fcb4       0x40 ./../Libraries/BSTLib/debug/libBSTLib_efm32_debug.a(bmm050.o)
                0x000000000001fcb4                bmm050_compensate_X_s32
 .text.bmm050_compensate_Y
                0x000000000001fcf4      0x114 ./../Libraries/BSTLib/debug/libBSTLib_efm32_debug.a(bmm050.o)
                0x000000000001fcf4                bmm050_compensate_Y
 .text.bmm050_compensate_Y_s32
                0x000000000001fe08       0x40 ./../Libraries/BSTLib/debug/libBSTLib_efm32_debug.a(bmm050.o)
                0x000000000001fe08                bmm050_compensate_Y_s32
 .text.bmm050_compensate_Z_s32
                0x000000000001fe48       0xf4 ./../Libraries/BSTLib/debug/libBSTLib_efm32_debug.a(bmm050.o)
                0x000000000001fe48                bmm050_compensate_Z_s32
 .text.Retcode_Initialize
                0x000000000001ff3c       0x60 ./../Platform/Essentials/release/libEssentials_efm32.a(Retcode.o)
                0x000000000001ff3c                Retcode_Initialize
 .text.Retcode_RaiseError
                0x000000000001ff9c       0x24 ./../Platform/Essentials/release/libEssentials_efm32.a(Retcode.o)
                0x000000000001ff9c                Retcode_RaiseError
 .text.Retcode_RaiseErrorFromIsr
                0x000000000001ffc0       0x24 ./../Platform/Essentials/release/libEssentials_efm32.a(Retcode.o)
                0x000000000001ffc0                Retcode_RaiseErrorFromIsr
 .text.RTC_IntClear
                0x000000000001ffe4       0x20 ./../Platform/Essentials/release/libEssentials_efm32.a(Timer.o)
 .text.RTC_IntDisable
                0x0000000000020004       0x30 ./../Platform/Essentials/release/libEssentials_efm32.a(Timer.o)
 .text.RTC_IntGet
                0x0000000000020034       0x18 ./../Platform/Essentials/release/libEssentials_efm32.a(Timer.o)
 .text.TIMER_IntClear
                0x000000000002004c       0x1c ./../Platform/Essentials/release/libEssentials_efm32.a(Timer.o)
 .text.TIMER_IntDisable
                0x0000000000020068       0x24 ./../Platform/Essentials/release/libEssentials_efm32.a(Timer.o)
 .text.TIMER_IntGet
                0x000000000002008c       0x18 ./../Platform/Essentials/release/libEssentials_efm32.a(Timer.o)
 .text.LETIMER_IntClear
                0x00000000000200a4       0x1c ./../Platform/Essentials/release/libEssentials_efm32.a(Timer.o)
 .text.LETIMER_IntDisable
                0x00000000000200c0       0x24 ./../Platform/Essentials/release/libEssentials_efm32.a(Timer.o)
 .text.LETIMER_IntGet
                0x00000000000200e4       0x18 ./../Platform/Essentials/release/libEssentials_efm32.a(Timer.o)
 .text.MCU_Timer_Initialize
                0x00000000000200fc       0xe4 ./../Platform/Essentials/release/libEssentials_efm32.a(Timer.o)
                0x00000000000200fc                MCU_Timer_Initialize
 .text.MCU_Timer_Callback
                0x00000000000201e0       0x5c ./../Platform/Essentials/release/libEssentials_efm32.a(Timer.o)
                0x00000000000201e0                MCU_Timer_Callback
 .text.ValidateTimerHandle
                0x000000000002023c       0x40 ./../Platform/Essentials/release/libEssentials_efm32.a(Timer.o)
 .text.getTimerEvent
                0x000000000002027c       0xc8 ./../Platform/Essentials/release/libEssentials_efm32.a(Timer.o)
 .text.extractFlags_RTC
                0x0000000000020344       0x9c ./../Platform/Essentials/release/libEssentials_efm32.a(Timer.o)
 .text.extractFlags_LETIMER
                0x00000000000203e0       0x9c ./../Platform/Essentials/release/libEssentials_efm32.a(Timer.o)
 .text.extractFlags_TIMER
                0x000000000002047c       0xd0 ./../Platform/Essentials/release/libEssentials_efm32.a(Timer.o)
 .text.MCU_Timer_GetRtcHandle
                0x000000000002054c       0x14 ./../Platform/Essentials/release/libEssentials_efm32.a(Timer.o)
                0x000000000002054c                MCU_Timer_GetRtcHandle
 .text.MCU_Timer_HandleRtcIrq
                0x0000000000020560       0x14 ./../Platform/Essentials/release/libEssentials_efm32.a(Timer.o)
                0x0000000000020560                MCU_Timer_HandleRtcIrq
 .text.CmdProcessor_Initialize
                0x0000000000020574       0xe0 ./../Platform/Utils/release/libUtils_efm32.a(CmdProcessor.o)
                0x0000000000020574                CmdProcessor_Initialize
 .text.CmdProcessor_Enqueue
                0x0000000000020654       0x74 ./../Platform/Utils/release/libUtils_efm32.a(CmdProcessor.o)
                0x0000000000020654                CmdProcessor_Enqueue
 .text.Run      0x00000000000206c8       0x14 ./../Platform/Utils/release/libUtils_efm32.a(CmdProcessor.o)
 .text.Dequeue  0x00000000000206dc       0x80 ./../Platform/Utils/release/libUtils_efm32.a(CmdProcessor.o)
 .text.NVM_Initialize
                0x000000000002075c       0x4c ./../Platform/Drivers/release/libDrivers_efm32.a(BCDS_NVM.o)
                0x000000000002075c                NVM_Initialize
 .text.objectConsistencyCheck
                0x00000000000207a8       0x58 ./../Platform/Drivers/release/libDrivers_efm32.a(BCDS_NVM.o)
 .text.NVM_Read
                0x0000000000020800       0x7c ./../Platform/Drivers/release/libDrivers_efm32.a(BCDS_NVM.o)
                0x0000000000020800                NVM_Read
 .text.itemConsistencyCheck
                0x000000000002087c       0x50 ./../Platform/Drivers/release/libDrivers_efm32.a(BCDS_NVM.o)
 .text.NVM_Write
                0x00000000000208cc       0x94 ./../Platform/Drivers/release/libDrivers_efm32.a(BCDS_NVM.o)
                0x00000000000208cc                NVM_Write
 .text.NVM_Flush
                0x0000000000020960       0x9c ./../Platform/Drivers/release/libDrivers_efm32.a(BCDS_NVM.o)
                0x0000000000020960                NVM_Flush
 .text.sectionUpdateRequired
                0x00000000000209fc       0x8c ./../Platform/Drivers/release/libDrivers_efm32.a(BCDS_NVM.o)
 .text.NVM_ReadUInt8
                0x0000000000020a88       0x40 ./../Platform/Drivers/release/libDrivers_efm32.a(BCDS_NVM.o)
                0x0000000000020a88                NVM_ReadUInt8
 .text.NVM_WriteUInt8
                0x0000000000020ac8       0x40 ./../Platform/Drivers/release/libDrivers_efm32.a(BCDS_NVM.o)
                0x0000000000020ac8                NVM_WriteUInt8
 .text.isLittleEndianPlatform
                0x0000000000020b08       0x30 ./../Platform/Drivers/release/libDrivers_efm32.a(BCDS_NVM.o)
 .text.NVM_IsEndiannessDifferent
                0x0000000000020b38       0x54 ./../Platform/Drivers/release/libDrivers_efm32.a(BCDS_NVM.o)
 .text.NVM_SwapBytes
                0x0000000000020b8c       0xc4 ./../Platform/Drivers/release/libDrivers_efm32.a(BCDS_NVM.o)
 .text.MappingI2cLibError
                0x0000000000020c50       0x38 ./../Platform/Drivers/release/libDrivers_efm32.a(Max44009.o)
 .text.MAX44009_combineLuxLowHighReg
                0x0000000000020c88       0x48 ./../Platform/Drivers/release/libDrivers_efm32.a(Max44009.o)
 .text.MAX44009_Init
                0x0000000000020cd0       0x34 ./../Platform/Drivers/release/libDrivers_efm32.a(Max44009.o)
                0x0000000000020cd0                MAX44009_Init
 .text.MAX44009_SetCdr
                0x0000000000020d04       0xb8 ./../Platform/Drivers/release/libDrivers_efm32.a(Max44009.o)
                0x0000000000020d04                MAX44009_SetCdr
 .text.MAX44009_GetConfigurationReg
                0x0000000000020dbc       0x74 ./../Platform/Drivers/release/libDrivers_efm32.a(Max44009.o)
                0x0000000000020dbc                MAX44009_GetConfigurationReg
 .text.MAX44009_SetIntegrationTime
                0x0000000000020e30       0xac ./../Platform/Drivers/release/libDrivers_efm32.a(Max44009.o)
                0x0000000000020e30                MAX44009_SetIntegrationTime
 .text.MAX44009_GetSensorData
                0x0000000000020edc       0xe0 ./../Platform/Drivers/release/libDrivers_efm32.a(Max44009.o)
                0x0000000000020edc                MAX44009_GetSensorData
 .text.MAX44009_GetDataInMilliLux
                0x0000000000020fbc       0x70 ./../Platform/Drivers/release/libDrivers_efm32.a(Max44009.o)
                0x0000000000020fbc                MAX44009_GetDataInMilliLux
 .text.MAX44009_SetContinousModeReg
                0x000000000002102c       0xbc ./../Platform/Drivers/release/libDrivers_efm32.a(Max44009.o)